stm32f4xx_hal_msp.c:64:6:HAL_MspInit	16	static
stm32f4xx_hal_msp.c:86:6:HAL_CRC_MspInit	24	static
stm32f4xx_hal_msp.c:108:6:HAL_CRC_MspDeInit	16	static
stm32f4xx_hal_msp.c:130:6:HAL_DMA2D_MspInit	24	static
stm32f4xx_hal_msp.c:152:6:HAL_DMA2D_MspDeInit	16	static
stm32f4xx_hal_msp.c:174:6:HAL_I2C_MspInit	48	static
stm32f4xx_hal_msp.c:218:6:HAL_I2C_MspDeInit	16	static
stm32f4xx_hal_msp.c:249:6:HAL_LTDC_MspInit	64	static
stm32f4xx_hal_msp.c:360:6:HAL_LTDC_MspDeInit	16	static
stm32f4xx_hal_msp.c:422:6:HAL_RNG_MspInit	24	static
stm32f4xx_hal_msp.c:444:6:HAL_RNG_MspDeInit	16	static
stm32f4xx_hal_msp.c:466:6:HAL_SPI_MspInit	48	static
stm32f4xx_hal_msp.c:503:6:HAL_SPI_MspDeInit	16	static
stm32f4xx_hal_msp.c:529:13:HAL_FMC_MspInit	32	static
stm32f4xx_hal_msp.c:634:6:HAL_SDRAM_MspInit	16	static
stm32f4xx_hal_msp.c:646:13:HAL_FMC_MspDeInit	8	static
stm32f4xx_hal_msp.c:720:6:HAL_SDRAM_MspDeInit	16	static
