Archive member included to satisfy reference by file (symbol)

c:/st/stm32cubeide_1.0.2/stm32cubeide/plugins/com.st.stm32cube.ide.mcu.externaltools.gnu-tools-for-stm32.7-2018-q2-update.win32_1.0.0.201904181610/tools/bin/../lib/gcc/arm-none-eabi/7.3.1/../../../../arm-none-eabi/lib/thumb/v7e-m/fpv4-sp/hard\libc_nano.a(lib_a-errno.o)
                              Src/syscalls.o (__errno)
c:/st/stm32cubeide_1.0.2/stm32cubeide/plugins/com.st.stm32cube.ide.mcu.externaltools.gnu-tools-for-stm32.7-2018-q2-update.win32_1.0.0.201904181610/tools/bin/../lib/gcc/arm-none-eabi/7.3.1/../../../../arm-none-eabi/lib/thumb/v7e-m/fpv4-sp/hard\libc_nano.a(lib_a-exit.o)
                              c:/st/stm32cubeide_1.0.2/stm32cubeide/plugins/com.st.stm32cube.ide.mcu.externaltools.gnu-tools-for-stm32.7-2018-q2-update.win32_1.0.0.201904181610/tools/bin/../lib/gcc/arm-none-eabi/7.3.1/../../../../arm-none-eabi/lib/thumb/v7e-m/fpv4-sp/hard/crt0.o (exit)
c:/st/stm32cubeide_1.0.2/stm32cubeide/plugins/com.st.stm32cube.ide.mcu.externaltools.gnu-tools-for-stm32.7-2018-q2-update.win32_1.0.0.201904181610/tools/bin/../lib/gcc/arm-none-eabi/7.3.1/../../../../arm-none-eabi/lib/thumb/v7e-m/fpv4-sp/hard\libc_nano.a(lib_a-impure.o)
                              c:/st/stm32cubeide_1.0.2/stm32cubeide/plugins/com.st.stm32cube.ide.mcu.externaltools.gnu-tools-for-stm32.7-2018-q2-update.win32_1.0.0.201904181610/tools/bin/../lib/gcc/arm-none-eabi/7.3.1/../../../../arm-none-eabi/lib/thumb/v7e-m/fpv4-sp/hard\libc_nano.a(lib_a-exit.o) (_global_impure_ptr)
c:/st/stm32cubeide_1.0.2/stm32cubeide/plugins/com.st.stm32cube.ide.mcu.externaltools.gnu-tools-for-stm32.7-2018-q2-update.win32_1.0.0.201904181610/tools/bin/../lib/gcc/arm-none-eabi/7.3.1/../../../../arm-none-eabi/lib/thumb/v7e-m/fpv4-sp/hard\libc_nano.a(lib_a-init.o)
                              c:/st/stm32cubeide_1.0.2/stm32cubeide/plugins/com.st.stm32cube.ide.mcu.externaltools.gnu-tools-for-stm32.7-2018-q2-update.win32_1.0.0.201904181610/tools/bin/../lib/gcc/arm-none-eabi/7.3.1/../../../../arm-none-eabi/lib/thumb/v7e-m/fpv4-sp/hard/crt0.o (__libc_init_array)
c:/st/stm32cubeide_1.0.2/stm32cubeide/plugins/com.st.stm32cube.ide.mcu.externaltools.gnu-tools-for-stm32.7-2018-q2-update.win32_1.0.0.201904181610/tools/bin/../lib/gcc/arm-none-eabi/7.3.1/../../../../arm-none-eabi/lib/thumb/v7e-m/fpv4-sp/hard\libc_nano.a(lib_a-memset.o)
                              c:/st/stm32cubeide_1.0.2/stm32cubeide/plugins/com.st.stm32cube.ide.mcu.externaltools.gnu-tools-for-stm32.7-2018-q2-update.win32_1.0.0.201904181610/tools/bin/../lib/gcc/arm-none-eabi/7.3.1/../../../../arm-none-eabi/lib/thumb/v7e-m/fpv4-sp/hard/crt0.o (memset)
c:/st/stm32cubeide_1.0.2/stm32cubeide/plugins/com.st.stm32cube.ide.mcu.externaltools.gnu-tools-for-stm32.7-2018-q2-update.win32_1.0.0.201904181610/tools/bin/../lib/gcc/arm-none-eabi/7.3.1/../../../../arm-none-eabi/lib/thumb/v7e-m/fpv4-sp/hard\libc_nano.a(lib_a-sprintf.o)
                              Src/main.o (sprintf)
c:/st/stm32cubeide_1.0.2/stm32cubeide/plugins/com.st.stm32cube.ide.mcu.externaltools.gnu-tools-for-stm32.7-2018-q2-update.win32_1.0.0.201904181610/tools/bin/../lib/gcc/arm-none-eabi/7.3.1/../../../../arm-none-eabi/lib/thumb/v7e-m/fpv4-sp/hard\libc_nano.a(lib_a-strcat.o)
                              Src/main.o (strcat)
c:/st/stm32cubeide_1.0.2/stm32cubeide/plugins/com.st.stm32cube.ide.mcu.externaltools.gnu-tools-for-stm32.7-2018-q2-update.win32_1.0.0.201904181610/tools/bin/../lib/gcc/arm-none-eabi/7.3.1/../../../../arm-none-eabi/lib/thumb/v7e-m/fpv4-sp/hard\libc_nano.a(lib_a-nano-svfprintf.o)
                              c:/st/stm32cubeide_1.0.2/stm32cubeide/plugins/com.st.stm32cube.ide.mcu.externaltools.gnu-tools-for-stm32.7-2018-q2-update.win32_1.0.0.201904181610/tools/bin/../lib/gcc/arm-none-eabi/7.3.1/../../../../arm-none-eabi/lib/thumb/v7e-m/fpv4-sp/hard\libc_nano.a(lib_a-sprintf.o) (_svfprintf_r)
c:/st/stm32cubeide_1.0.2/stm32cubeide/plugins/com.st.stm32cube.ide.mcu.externaltools.gnu-tools-for-stm32.7-2018-q2-update.win32_1.0.0.201904181610/tools/bin/../lib/gcc/arm-none-eabi/7.3.1/../../../../arm-none-eabi/lib/thumb/v7e-m/fpv4-sp/hard\libc_nano.a(lib_a-nano-vfprintf_i.o)
                              c:/st/stm32cubeide_1.0.2/stm32cubeide/plugins/com.st.stm32cube.ide.mcu.externaltools.gnu-tools-for-stm32.7-2018-q2-update.win32_1.0.0.201904181610/tools/bin/../lib/gcc/arm-none-eabi/7.3.1/../../../../arm-none-eabi/lib/thumb/v7e-m/fpv4-sp/hard\libc_nano.a(lib_a-nano-svfprintf.o) (_printf_i)
c:/st/stm32cubeide_1.0.2/stm32cubeide/plugins/com.st.stm32cube.ide.mcu.externaltools.gnu-tools-for-stm32.7-2018-q2-update.win32_1.0.0.201904181610/tools/bin/../lib/gcc/arm-none-eabi/7.3.1/../../../../arm-none-eabi/lib/thumb/v7e-m/fpv4-sp/hard\libc_nano.a(lib_a-memchr.o)
[...]
Memory Configuration

Name             Origin             Length             Attributes
CCMRAM           0x0000000010000000 0x0000000000010000 xrw
RAM              0x0000000020000000 0x0000000000030000 xrw
FLASH            0x0000000008000000 0x0000000000200000 xr
*default*        0x0000000000000000 0xffffffffffffffff

Linker script and memory map

LOAD c:/st/stm32cubeide_1.0.2/stm32cubeide/plugins/com.st.stm32cube.ide.mcu.externaltools.gnu-tools-for-stm32.7-2018-q2-update.win32_1.0.0.201904181610/tools/bin/../lib/gcc/arm-none-eabi/7.3.1/thumb/v7e-m/fpv4-sp/hard/crti.o
LOAD c:/st/stm32cubeide_1.0.2/stm32cubeide/plugins/com.st.stm32cube.ide.mcu.externaltools.gnu-tools-for-stm32.7-2018-q2-update.win32_1.0.0.201904181610/tools/bin/../lib/gcc/arm-none-eabi/7.3.1/thumb/v7e-m/fpv4-sp/hard/crtbegin.o
LOAD c:/st/stm32cubeide_1.0.2/stm32cubeide/plugins/com.st.stm32cube.ide.mcu.externaltools.gnu-tools-for-stm32.7-2018-q2-update.win32_1.0.0.201904181610/tools/bin/../lib/gcc/arm-none-eabi/7.3.1/../../../../arm-none-eabi/lib/thumb/v7e-m/fpv4-sp/hard/crt0.o
LOAD Drivers/BSP/Components/cs43l22/cs43l22.o
LOAD Drivers/BSP/Components/exc7200/exc7200.o
LOAD Drivers/BSP/Components/ft6x06/ft6x06.o
LOAD Drivers/BSP/Components/ili9325/ili9325.o
LOAD Drivers/BSP/Components/ili9341/ili9341.o
LOAD Drivers/BSP/Components/l3gd20/l3gd20.o
LOAD Drivers/BSP/Components/lis302dl/lis302dl.o
LOAD Drivers/BSP/Components/lis3dsh/lis3dsh.o
LOAD Drivers/BSP/Components/ls016b8uy/ls016b8uy.o
LOAD Drivers/BSP/Components/lsm303dlhc/lsm303dlhc.o
LOAD Drivers/BSP/Components/mfxstm32l152/mfxstm32l152.o
LOAD Drivers/BSP/Components/otm8009a/otm8009a.o
LOAD Drivers/BSP/Components/ov2640/ov2640.o
LOAD Drivers/BSP/Components/s5k5cag/s5k5cag.o
LOAD Drivers/BSP/Components/st7735/st7735.o
LOAD Drivers/BSP/Components/st7789h2/st7789h2.o
LOAD Drivers/BSP/Components/stmpe1600/stmpe1600.o
LOAD Drivers/BSP/Components/stmpe811/stmpe811.o
LOAD Drivers/BSP/Components/ts3510/ts3510.o
LOAD Drivers/BSP/Components/wm8994/wm8994.o
LOAD Drivers/BSP/STM32F429I-Discovery/stm32f429i_discovery.o
LOAD Drivers/BSP/STM32F429I-Discovery/stm32f429i_discovery_eeprom.o
LOAD Drivers/BSP/STM32F429I-Discovery/stm32f429i_discovery_gyroscope.o
LOAD Drivers/BSP/STM32F429I-Discovery/stm32f429i_discovery_io.o
LOAD Drivers/BSP/STM32F429I-Discovery/stm32f429i_discovery_lcd.o
LOAD Drivers/BSP/STM32F429I-Discovery/stm32f429i_discovery_sdram.o
LOAD Drivers/BSP/STM32F429I-Discovery/stm32f429i_discovery_ts.o
LOAD Drivers/STM32F4xx_HAL_Driver/Src/stm32f4xx_hal.o
LOAD Drivers/STM32F4xx_HAL_Driver/Src/stm32f4xx_hal_cortex.o
LOAD Drivers/STM32F4xx_HAL_Driver/Src/stm32f4xx_hal_crc.o
LOAD Drivers/STM32F4xx_HAL_Driver/Src/stm32f4xx_hal_dma.o
LOAD Drivers/STM32F4xx_HAL_Driver/Src/stm32f4xx_hal_dma2d.o
LOAD Drivers/STM32F4xx_HAL_Driver/Src/stm32f4xx_hal_dma_ex.o
LOAD Drivers/STM32F4xx_HAL_Driver/Src/stm32f4xx_hal_dsi.o
LOAD Drivers/STM32F4xx_HAL_Driver/Src/stm32f4xx_hal_exti.o
LOAD Drivers/STM32F4xx_HAL_Driver/Src/stm32f4xx_hal_flash.o
LOAD Drivers/STM32F4xx_HAL_Driver/Src/stm32f4xx_hal_flash_ex.o
LOAD Drivers/STM32F4xx_HAL_Driver/Src/stm32f4xx_hal_flash_ramfunc.o
LOAD Drivers/STM32F4xx_HAL_Driver/Src/stm32f4xx_hal_gpio.o
LOAD Drivers/STM32F4xx_HAL_Driver/Src/stm32f4xx_hal_i2c.o
LOAD Drivers/STM32F4xx_HAL_Driver/Src/stm32f4xx_hal_i2c_ex.o
LOAD Drivers/STM32F4xx_HAL_Driver/Src/stm32f4xx_hal_ltdc.o
LOAD Drivers/STM32F4xx_HAL_Driver/Src/stm32f4xx_hal_ltdc_ex.o
LOAD Drivers/STM32F4xx_HAL_Driver/Src/stm32f4xx_hal_pwr.o
LOAD Drivers/STM32F4xx_HAL_Driver/Src/stm32f4xx_hal_pwr_ex.o
LOAD Drivers/STM32F4xx_HAL_Driver/Src/stm32f4xx_hal_rcc.o
LOAD Drivers/STM32F4xx_HAL_Driver/Src/stm32f4xx_hal_rcc_ex.o
LOAD Drivers/STM32F4xx_HAL_Driver/Src/stm32f4xx_hal_rng.o
LOAD Drivers/STM32F4xx_HAL_Driver/Src/stm32f4xx_hal_sdram.o
LOAD Drivers/STM32F4xx_HAL_Driver/Src/stm32f4xx_hal_spi.o
LOAD Drivers/STM32F4xx_HAL_Driver/Src/stm32f4xx_hal_tim.o
LOAD Drivers/STM32F4xx_HAL_Driver/Src/stm32f4xx_hal_tim_ex.o
LOAD Drivers/STM32F4xx_HAL_Driver/Src/stm32f4xx_ll_fmc.o
LOAD Src/main.o
LOAD Src/stm32f4xx_hal_msp.o
LOAD Src/stm32f4xx_it.o
LOAD Src/syscalls.o
LOAD Src/sysmem.o
LOAD Src/system_stm32f4xx.o
LOAD Startup/startup_stm32f429zitx.o
START GROUP
LOAD c:/st/stm32cubeide_1.0.2/stm32cubeide/plugins/com.st.stm32cube.ide.mcu.externaltools.gnu-tools-for-stm32.7-2018-q2-update.win32_1.0.0.201904181610/tools/bin/../lib/gcc/arm-none-eabi/7.3.1/../../../../arm-none-eabi/lib/thumb/v7e-m/fpv4-sp/hard\libc_nano.a
LOAD c:/st/stm32cubeide_1.0.2/stm32cubeide/plugins/com.st.stm32cube.ide.mcu.externaltools.gnu-tools-for-stm32.7-2018-q2-update.win32_1.0.0.201904181610/tools/bin/../lib/gcc/arm-none-eabi/7.3.1/../../../../arm-none-eabi/lib/thumb/v7e-m/fpv4-sp/hard\libm.a
END GROUP
START GROUP
LOAD c:/st/stm32cubeide_1.0.2/stm32cubeide/plugins/com.st.stm32cube.ide.mcu.externaltools.gnu-tools-for-stm32.7-2018-q2-update.win32_1.0.0.201904181610/tools/bin/../lib/gcc/arm-none-eabi/7.3.1/thumb/v7e-m/fpv4-sp/hard\libgcc.a
LOAD c:/st/stm32cubeide_1.0.2/stm32cubeide/plugins/com.st.stm32cube.ide.mcu.externaltools.gnu-tools-for-stm32.7-2018-q2-update.win32_1.0.0.201904181610/tools/bin/../lib/gcc/arm-none-eabi/7.3.1/../../../../arm-none-eabi/lib/thumb/v7e-m/fpv4-sp/hard\libc_nano.a
END GROUP
START GROUP
LOAD c:/st/stm32cubeide_1.0.2/stm32cubeide/plugins/com.st.stm32cube.ide.mcu.externaltools.gnu-tools-for-stm32.7-2018-q2-update.win32_1.0.0.201904181610/tools/bin/../lib/gcc/arm-none-eabi/7.3.1/thumb/v7e-m/fpv4-sp/hard\libgcc.a
LOAD c:/st/stm32cubeide_1.0.2/stm32cubeide/plugins/com.st.stm32cube.ide.mcu.externaltools.gnu-tools-for-stm32.7-2018-q2-update.win32_1.0.0.201904181610/tools/bin/../lib/gcc/arm-none-eabi/7.3.1/../../../../arm-none-eabi/lib/thumb/v7e-m/fpv4-sp/hard\libc_nano.a
LOAD c:/st/stm32cubeide_1.0.2/stm32cubeide/plugins/com.st.stm32cube.ide.mcu.externaltools.gnu-tools-for-stm32.7-2018-q2-update.win32_1.0.0.201904181610/tools/bin/../lib/gcc/arm-none-eabi/7.3.1/../../../../arm-none-eabi/lib/thumb/v7e-m/fpv4-sp/hard\libnosys.a
END GROUP
START GROUP
LOAD c:/st/stm32cubeide_1.0.2/stm32cubeide/plugins/com.st.stm32cube.ide.mcu.externaltools.gnu-tools-for-stm32.7-2018-q2-update.win32_1.0.0.201904181610/tools/bin/../lib/gcc/arm-none-eabi/7.3.1/thumb/v7e-m/fpv4-sp/hard\libgcc.a
LOAD c:/st/stm32cubeide_1.0.2/stm32cubeide/plugins/com.st.stm32cube.ide.mcu.externaltools.gnu-tools-for-stm32.7-2018-q2-update.win32_1.0.0.201904181610/tools/bin/../lib/gcc/arm-none-eabi/7.3.1/../../../../arm-none-eabi/lib/thumb/v7e-m/fpv4-sp/hard\libc_nano.a
LOAD c:/st/stm32cubeide_1.0.2/stm32cubeide/plugins/com.st.stm32cube.ide.mcu.externaltools.gnu-tools-for-stm32.7-2018-q2-update.win32_1.0.0.201904181610/tools/bin/../lib/gcc/arm-none-eabi/7.3.1/../../../../arm-none-eabi/lib/thumb/v7e-m/fpv4-sp/hard\libnosys.a
END GROUP
LOAD c:/st/stm32cubeide_1.0.2/stm32cubeide/plugins/com.st.stm32cube.ide.mcu.externaltools.gnu-tools-for-stm32.7-2018-q2-update.win32_1.0.0.201904181610/tools/bin/../lib/gcc/arm-none-eabi/7.3.1/thumb/v7e-m/fpv4-sp/hard/crtend.o
LOAD c:/st/stm32cubeide_1.0.2/stm32cubeide/plugins/com.st.stm32cube.ide.mcu.externaltools.gnu-tools-for-stm32.7-2018-q2-update.win32_1.0.0.201904181610/tools/bin/../lib/gcc/arm-none-eabi/7.3.1/thumb/v7e-m/fpv4-sp/hard/crtn.o
                0x0000000020030000                _estack = 0x20030000
                0x0000000000000200                _Min_Heap_Size = 0x200
                0x0000000000000400                _Min_Stack_Size = 0x400

.isr_vector     0x0000000008000000      0x1ac
                0x0000000008000000                . = ALIGN (0x4)
 *(.isr_vector)
 .isr_vector    0x0000000008000000      0x1ac Startup/startup_stm32f429zitx.o
                0x0000000008000000                g_pfnVectors
                0x00000000080001ac                . = ALIGN (0x4)

.text           0x00000000080001b0     0x6d6c
                0x00000000080001b0                . = ALIGN (0x4)
 *(.text)
 .text          0x00000000080001b0       0x40 c:/st/stm32cubeide_1.0.2/stm32cubeide/plugins/com.st.stm32cube.ide.mcu.externaltools.gnu-tools-for-stm32.7-2018-q2-update.win32_1.0.0.201904181610/tools/bin/../lib/gcc/arm-none-eabi/7.3.1/thumb/v7e-m/fpv4-sp/hard/crtbegin.o
 .text          0x00000000080001f0       0xa0 c:/st/stm32cubeide_1.0.2/stm32cubeide/plugins/com.st.stm32cube.ide.mcu.externaltools.gnu-tools-for-stm32.7-2018-q2-update.win32_1.0.0.201904181610/tools/bin/../lib/gcc/arm-none-eabi/7.3.1/../../../../arm-none-eabi/lib/thumb/v7e-m/fpv4-sp/hard\libc_nano.a(lib_a-memchr.o)
                0x00000000080001f0                memchr
 .text          0x0000000008000290       0x30 c:/st/stm32cubeide_1.0.2/stm32cubeide/plugins/com.st.stm32cube.ide.mcu.externaltools.gnu-tools-for-stm32.7-2018-q2-update.win32_1.0.0.201904181610/tools/bin/../lib/gcc/arm-none-eabi/7.3.1/thumb/v7e-m/fpv4-sp/hard\libgcc.a(_aeabi_uldivmod.o)
                0x0000000008000290                __aeabi_uldivmod
 .text          0x00000000080002c0      0x2cc c:/st/stm32cubeide_1.0.2/stm32cubeide/plugins/com.st.stm32cube.ide.mcu.externaltools.gnu-tools-for-stm32.7-2018-q2-update.win32_1.0.0.201904181610/tools/bin/../lib/gcc/arm-none-eabi/7.3.1/thumb/v7e-m/fpv4-sp/hard\libgcc.a(_udivmoddi4.o)
                0x00000000080002c0                __udivmoddi4
 .text          0x000000000800058c        0x4 c:/st/stm32cubeide_1.0.2/stm32cubeide/plugins/com.st.stm32cube.ide.mcu.externaltools.gnu-tools-for-stm32.7-2018-q2-update.win32_1.0.0.201904181610/tools/bin/../lib/gcc/arm-none-eabi/7.3.1/thumb/v7e-m/fpv4-sp/hard\libgcc.a(_dvmd_tls.o)
                0x000000000800058c                __aeabi_idiv0
                0x000000000800058c                __aeabi_ldiv0
 *(.text*)
 .text.ili9341_Init
                0x0000000008000590      0x294 Drivers/BSP/Components/ili9341/ili9341.o
                0x0000000008000590                ili9341_Init
 .text.ili9341_ReadID
                0x0000000008000824       0x18 Drivers/BSP/Components/ili9341/ili9341.o
                0x0000000008000824                ili9341_ReadID
 .text.ili9341_DisplayOn
                0x000000000800083c        0xe Drivers/BSP/Components/ili9341/ili9341.o
                0x000000000800083c                ili9341_DisplayOn
 .text.ili9341_DisplayOff
                0x000000000800084a        0xe Drivers/BSP/Components/ili9341/ili9341.o
                0x000000000800084a                ili9341_DisplayOff
 .text.ili9341_WriteReg
                0x0000000008000858       0x1a Drivers/BSP/Components/ili9341/ili9341.o
                0x0000000008000858                ili9341_WriteReg
 .text.ili9341_WriteData
                0x0000000008000872       0x1a Drivers/BSP/Components/ili9341/ili9341.o
                0x0000000008000872                ili9341_WriteData
 .text.ili9341_ReadData
                0x000000000800088c       0x26 Drivers/BSP/Components/ili9341/ili9341.o
                0x000000000800088c                ili9341_ReadData
 .text.ili9341_GetLcdPixelWidth
                0x00000000080008b2       0x10 Drivers/BSP/Components/ili9341/ili9341.o
                0x00000000080008b2                ili9341_GetLcdPixelWidth
 .text.ili9341_GetLcdPixelHeight
                0x00000000080008c2       0x12 Drivers/BSP/Components/ili9341/ili9341.o
                0x00000000080008c2                ili9341_GetLcdPixelHeight
 .text.SPIx_Init
                0x00000000080008d4       0x74 Drivers/BSP/STM32F429I-Discovery/stm32f429i_discovery.o
 .text.SPIx_Read
                0x0000000008000948       0x40 Drivers/BSP/STM32F429I-Discovery/stm32f429i_discovery.o
 .text.SPIx_Write
                0x0000000008000988       0x3c Drivers/BSP/STM32F429I-Discovery/stm32f429i_discovery.o
 .text.SPIx_Error
                0x00000000080009c4       0x18 Drivers/BSP/STM32F429I-Discovery/stm32f429i_discovery.o
 .text.SPIx_MspInit
                0x00000000080009dc       0x74 Drivers/BSP/STM32F429I-Discovery/stm32f429i_discovery.o
 .text.LCD_IO_Init
                0x0000000008000a50       0xf0 Drivers/BSP/STM32F429I-Discovery/stm32f429i_discovery.o
                0x0000000008000a50                LCD_IO_Init
 .text.LCD_IO_WriteData
                0x0000000008000b40       0x44 Drivers/BSP/STM32F429I-Discovery/stm32f429i_discovery.o
                0x0000000008000b40                LCD_IO_WriteData
 .text.LCD_IO_WriteReg
                0x0000000008000b84       0x44 Drivers/BSP/STM32F429I-Discovery/stm32f429i_discovery.o
                0x0000000008000b84                LCD_IO_WriteReg
 .text.LCD_IO_ReadData
                0x0000000008000bc8       0x64 Drivers/BSP/STM32F429I-Discovery/stm32f429i_discovery.o
                0x0000000008000bc8                LCD_IO_ReadData
 .text.LCD_Delay
                0x0000000008000c2c       0x16 Drivers/BSP/STM32F429I-Discovery/stm32f429i_discovery.o
                0x0000000008000c2c                LCD_Delay
 *fill*         0x0000000008000c42        0x2 
 .text.BSP_LCD_Init
                0x0000000008000c44       0xd4 Drivers/BSP/STM32F429I-Discovery/stm32f429i_discovery_lcd.o
                0x0000000008000c44                BSP_LCD_Init
 .text.BSP_LCD_GetXSize
                0x0000000008000d18       0x18 Drivers/BSP/STM32F429I-Discovery/stm32f429i_discovery_lcd.o
                0x0000000008000d18                BSP_LCD_GetXSize
 .text.BSP_LCD_GetYSize
                0x0000000008000d30       0x18 Drivers/BSP/STM32F429I-Discovery/stm32f429i_discovery_lcd.o
                0x0000000008000d30                BSP_LCD_GetYSize
 .text.BSP_LCD_LayerDefaultInit
                0x0000000008000d48       0xc8 Drivers/BSP/STM32F429I-Discovery/stm32f429i_discovery_lcd.o
                0x0000000008000d48                BSP_LCD_LayerDefaultInit
 .text.BSP_LCD_SelectLayer
                0x0000000008000e10       0x20 Drivers/BSP/STM32F429I-Discovery/stm32f429i_discovery_lcd.o
                0x0000000008000e10                BSP_LCD_SelectLayer
 .text.BSP_LCD_SetFont
                0x0000000008000e30       0x34 Drivers/BSP/STM32F429I-Discovery/stm32f429i_discovery_lcd.o
                0x0000000008000e30                BSP_LCD_SetFont
 .text.BSP_LCD_GetFont
                0x0000000008000e64       0x2c Drivers/BSP/STM32F429I-Discovery/stm32f429i_discovery_lcd.o
                0x0000000008000e64                BSP_LCD_GetFont
 .text.BSP_LCD_Clear
                0x0000000008000e90       0x50 Drivers/BSP/STM32F429I-Discovery/stm32f429i_discovery_lcd.o
                0x0000000008000e90                BSP_LCD_Clear
 .text.BSP_LCD_DisplayChar
                0x0000000008000ee0       0x88 Drivers/BSP/STM32F429I-Discovery/stm32f429i_discovery_lcd.o
                0x0000000008000ee0                BSP_LCD_DisplayChar
 .text.BSP_LCD_DisplayStringAt
                0x0000000008000f68      0x174 Drivers/BSP/STM32F429I-Discovery/stm32f429i_discovery_lcd.o
                0x0000000008000f68                BSP_LCD_DisplayStringAt
 .text.BSP_LCD_DisplayStringAtLine
                0x00000000080010dc       0x2e Drivers/BSP/STM32F429I-Discovery/stm32f429i_discovery_lcd.o
                0x00000000080010dc                BSP_LCD_DisplayStringAtLine
 *fill*         0x000000000800110a        0x2 
 .text.BSP_LCD_DrawBitmap
                0x000000000800110c      0x160 Drivers/BSP/STM32F429I-Discovery/stm32f429i_discovery_lcd.o
                0x000000000800110c                BSP_LCD_DrawBitmap
 .text.BSP_LCD_MspInit
                0x000000000800126c      0x1ac Drivers/BSP/STM32F429I-Discovery/stm32f429i_discovery_lcd.o
                0x000000000800126c                BSP_LCD_MspInit
 .text.BSP_LCD_DrawPixel
                0x0000000008001418       0x4c Drivers/BSP/STM32F429I-Discovery/stm32f429i_discovery_lcd.o
                0x0000000008001418                BSP_LCD_DrawPixel
 .text.DrawChar
                0x0000000008001464      0x174 Drivers/BSP/STM32F429I-Discovery/stm32f429i_discovery_lcd.o
 .text.FillBuffer
                0x00000000080015d8       0x70 Drivers/BSP/STM32F429I-Discovery/stm32f429i_discovery_lcd.o
 .text.ConvertLineToARGB8888
                0x0000000008001648       0x88 Drivers/BSP/STM32F429I-Discovery/stm32f429i_discovery_lcd.o
 .text.BSP_SDRAM_Init
                0x00000000080016d0       0xbc Drivers/BSP/STM32F429I-Discovery/stm32f429i_discovery_sdram.o
                0x00000000080016d0                BSP_SDRAM_Init
 .text.BSP_SDRAM_Initialization_sequence
                0x000000000800178c       0xc0 Drivers/BSP/STM32F429I-Discovery/stm32f429i_discovery_sdram.o
                0x000000000800178c                BSP_SDRAM_Initialization_sequence
 .text.BSP_SDRAM_MspInit
                0x000000000800184c      0x218 Drivers/BSP/STM32F429I-Discovery/stm32f429i_discovery_sdram.o
                0x000000000800184c                BSP_SDRAM_MspInit
 .text.HAL_Init
                0x0000000008001a64       0x44 Drivers/STM32F4xx_HAL_Driver/Src/stm32f4xx_hal.o
                0x0000000008001a64                HAL_Init
 .text.HAL_InitTick
                0x0000000008001aa8       0x60 Drivers/STM32F4xx_HAL_Driver/Src/stm32f4xx_hal.o
                0x0000000008001aa8                HAL_InitTick
 .text.HAL_IncTick
                0x0000000008001b08       0x28 Drivers/STM32F4xx_HAL_Driver/Src/stm32f4xx_hal.o
                0x0000000008001b08                HAL_IncTick
 .text.HAL_GetTick
                0x0000000008001b30       0x18 Drivers/STM32F4xx_HAL_Driver/Src/stm32f4xx_hal.o
                0x0000000008001b30                HAL_GetTick
 .text.HAL_Delay
                0x0000000008001b48       0x44 Drivers/STM32F4xx_HAL_Driver/Src/stm32f4xx_hal.o
                0x0000000008001b48                HAL_Delay
 .text.__NVIC_SetPriorityGrouping
                0x0000000008001b8c       0x48 Drivers/STM32F4xx_HAL_Driver/Src/stm32f4xx_hal_cortex.o
 .text.__NVIC_GetPriorityGrouping
                0x0000000008001bd4       0x1c Drivers/STM32F4xx_HAL_Driver/Src/stm32f4xx_hal_cortex.o
 .text.__NVIC_EnableIRQ
                0x0000000008001bf0       0x3c Drivers/STM32F4xx_HAL_Driver/Src/stm32f4xx_hal_cortex.o
 .text.__NVIC_SetPriority
                0x0000000008001c2c       0x54 Drivers/STM32F4xx_HAL_Driver/Src/stm32f4xx_hal_cortex.o
 .text.NVIC_EncodePriority
                0x0000000008001c80       0x66 Drivers/STM32F4xx_HAL_Driver/Src/stm32f4xx_hal_cortex.o
 *fill*         0x0000000008001ce6        0x2 
 .text.SysTick_Config
                0x0000000008001ce8       0x44 Drivers/STM32F4xx_HAL_Driver/Src/stm32f4xx_hal_cortex.o
 .text.HAL_NVIC_SetPriorityGrouping
                0x0000000008001d2c       0x16 Drivers/STM32F4xx_HAL_Driver/Src/stm32f4xx_hal_cortex.o
                0x0000000008001d2c                HAL_NVIC_SetPriorityGrouping
 .text.HAL_NVIC_SetPriority
                0x0000000008001d42       0x38 Drivers/STM32F4xx_HAL_Driver/Src/stm32f4xx_hal_cortex.o
                0x0000000008001d42                HAL_NVIC_SetPriority
 .text.HAL_NVIC_EnableIRQ
                0x0000000008001d7a       0x1c Drivers/STM32F4xx_HAL_Driver/Src/stm32f4xx_hal_cortex.o
                0x0000000008001d7a                HAL_NVIC_EnableIRQ
 .text.HAL_SYSTICK_Config
                0x0000000008001d96       0x18 Drivers/STM32F4xx_HAL_Driver/Src/stm32f4xx_hal_cortex.o
                0x0000000008001d96                HAL_SYSTICK_Config
 .text.HAL_CRC_Init
                0x0000000008001dae       0x3e Drivers/STM32F4xx_HAL_Driver/Src/stm32f4xx_hal_crc.o
                0x0000000008001dae                HAL_CRC_Init
 .text.HAL_DMA_Init
                0x0000000008001dec      0x15c Drivers/STM32F4xx_HAL_Driver/Src/stm32f4xx_hal_dma.o
                0x0000000008001dec                HAL_DMA_Init
 .text.HAL_DMA_DeInit
                0x0000000008001f48       0xbc Drivers/STM32F4xx_HAL_Driver/Src/stm32f4xx_hal_dma.o
                0x0000000008001f48                HAL_DMA_DeInit
 .text.DMA_CalcBaseAndBitshift
                0x0000000008002004       0x6c Drivers/STM32F4xx_HAL_Driver/Src/stm32f4xx_hal_dma.o
 .text.DMA_CheckFifoParam
                0x0000000008002070       0xf4 Drivers/STM32F4xx_HAL_Driver/Src/stm32f4xx_hal_dma.o
 .text.HAL_DMA2D_Init
                0x0000000008002164       0x92 Drivers/STM32F4xx_HAL_Driver/Src/stm32f4xx_hal_dma2d.o
                0x0000000008002164                HAL_DMA2D_Init
 .text.HAL_DMA2D_Start
                0x00000000080021f6       0x56 Drivers/STM32F4xx_HAL_Driver/Src/stm32f4xx_hal_dma2d.o
                0x00000000080021f6                HAL_DMA2D_Start
 .text.HAL_DMA2D_PollForTransfer
                0x000000000800224c      0x1d2 Drivers/STM32F4xx_HAL_Driver/Src/stm32f4xx_hal_dma2d.o
                0x000000000800224c                HAL_DMA2D_PollForTransfer
 *fill*         0x000000000800241e        0x2 
 .text.HAL_DMA2D_ConfigLayer
                0x0000000008002420      0x124 Drivers/STM32F4xx_HAL_Driver/Src/stm32f4xx_hal_dma2d.o
                0x0000000008002420                HAL_DMA2D_ConfigLayer
 .text.DMA2D_SetConfig
                0x0000000008002544      0x138 Drivers/STM32F4xx_HAL_Driver/Src/stm32f4xx_hal_dma2d.o
 .text.HAL_GPIO_Init
                0x000000000800267c      0x354 Drivers/STM32F4xx_HAL_Driver/Src/stm32f4xx_hal_gpio.o
                0x000000000800267c                HAL_GPIO_Init
 .text.HAL_GPIO_DeInit
                0x00000000080029d0      0x214 Drivers/STM32F4xx_HAL_Driver/Src/stm32f4xx_hal_gpio.o
                0x00000000080029d0                HAL_GPIO_DeInit
 .text.HAL_GPIO_WritePin
                0x0000000008002be4       0x32 Drivers/STM32F4xx_HAL_Driver/Src/stm32f4xx_hal_gpio.o
                0x0000000008002be4                HAL_GPIO_WritePin
 *fill*         0x0000000008002c16        0x2 
 .text.HAL_GPIO_EXTI_IRQHandler
                0x0000000008002c18       0x30 Drivers/STM32F4xx_HAL_Driver/Src/stm32f4xx_hal_gpio.o
                0x0000000008002c18                HAL_GPIO_EXTI_IRQHandler
 .text.HAL_GPIO_EXTI_Callback
                0x0000000008002c48       0x16 Drivers/STM32F4xx_HAL_Driver/Src/stm32f4xx_hal_gpio.o
                0x0000000008002c48                HAL_GPIO_EXTI_Callback
 *fill*         0x0000000008002c5e        0x2 
 .text.HAL_I2C_Init
                0x0000000008002c60      0x250 Drivers/STM32F4xx_HAL_Driver/Src/stm32f4xx_hal_i2c.o
                0x0000000008002c60                HAL_I2C_Init
 .text.HAL_I2CEx_ConfigAnalogFilter
                0x0000000008002eb0       0x78 Drivers/STM32F4xx_HAL_Driver/Src/stm32f4xx_hal_i2c_ex.o
                0x0000000008002eb0                HAL_I2CEx_ConfigAnalogFilter
 .text.HAL_I2CEx_ConfigDigitalFilter
                0x0000000008002f28       0x7e Drivers/STM32F4xx_HAL_Driver/Src/stm32f4xx_hal_i2c_ex.o
                0x0000000008002f28                HAL_I2CEx_ConfigDigitalFilter
 *fill*         0x0000000008002fa6        0x2 
 .text.HAL_LTDC_Init
                0x0000000008002fa8      0x1a0 Drivers/STM32F4xx_HAL_Driver/Src/stm32f4xx_hal_ltdc.o
                0x0000000008002fa8                HAL_LTDC_Init
 .text.HAL_LTDC_ConfigLayer
                0x0000000008003148       0x7c Drivers/STM32F4xx_HAL_Driver/Src/stm32f4xx_hal_ltdc.o
                0x0000000008003148                HAL_LTDC_ConfigLayer
 .text.HAL_LTDC_EnableDither
                0x00000000080031c4       0x54 Drivers/STM32F4xx_HAL_Driver/Src/stm32f4xx_hal_ltdc.o
                0x00000000080031c4                HAL_LTDC_EnableDither
 .text.LTDC_SetConfig
                0x0000000008003218      0x32e Drivers/STM32F4xx_HAL_Driver/Src/stm32f4xx_hal_ltdc.o
 *fill*         0x0000000008003546        0x2 
 .text.HAL_PWREx_EnableOverDrive
                0x0000000008003548       0xa0 Drivers/STM32F4xx_HAL_Driver/Src/stm32f4xx_hal_pwr_ex.o
                0x0000000008003548                HAL_PWREx_EnableOverDrive
 .text.HAL_RCC_OscConfig
                0x00000000080035e8      0x484 Drivers/STM32F4xx_HAL_Driver/Src/stm32f4xx_hal_rcc.o
                0x00000000080035e8                HAL_RCC_OscConfig
 .text.HAL_RCC_ClockConfig
                0x0000000008003a6c      0x1c4 Drivers/STM32F4xx_HAL_Driver/Src/stm32f4xx_hal_rcc.o
                0x0000000008003a6c                HAL_RCC_ClockConfig
 .text.HAL_RCC_GetSysClockFreq
                0x0000000008003c30      0x1b0 Drivers/STM32F4xx_HAL_Driver/Src/stm32f4xx_hal_rcc.o
                0x0000000008003c30                HAL_RCC_GetSysClockFreq
 .text.HAL_RCC_GetHCLKFreq
                0x0000000008003de0       0x18 Drivers/STM32F4xx_HAL_Driver/Src/stm32f4xx_hal_rcc.o
                0x0000000008003de0                HAL_RCC_GetHCLKFreq
 .text.HAL_RCC_GetPCLK1Freq
                0x0000000008003df8       0x28 Drivers/STM32F4xx_HAL_Driver/Src/stm32f4xx_hal_rcc.o
                0x0000000008003df8                HAL_RCC_GetPCLK1Freq
 .text.HAL_RCCEx_PeriphCLKConfig
                0x0000000008003e20      0x348 Drivers/STM32F4xx_HAL_Driver/Src/stm32f4xx_hal_rcc_ex.o
                0x0000000008003e20                HAL_RCCEx_PeriphCLKConfig
 .text.HAL_RNG_Init
                0x0000000008004168       0x54 Drivers/STM32F4xx_HAL_Driver/Src/stm32f4xx_hal_rng.o
                0x0000000008004168                HAL_RNG_Init
 .text.HAL_RNG_GenerateRandomNumber
                0x00000000080041bc       0x9e Drivers/STM32F4xx_HAL_Driver/Src/stm32f4xx_hal_rng.o
                0x00000000080041bc                HAL_RNG_GenerateRandomNumber
 .text.HAL_RNG_GetRandomNumber
                0x000000000800425a       0x2a Drivers/STM32F4xx_HAL_Driver/Src/stm32f4xx_hal_rng.o
                0x000000000800425a                HAL_RNG_GetRandomNumber
 .text.HAL_SDRAM_Init
                0x0000000008004284       0x68 Drivers/STM32F4xx_HAL_Driver/Src/stm32f4xx_hal_sdram.o
                0x0000000008004284                HAL_SDRAM_Init
 .text.HAL_SDRAM_SendCommand
                0x00000000080042ec       0x56 Drivers/STM32F4xx_HAL_Driver/Src/stm32f4xx_hal_sdram.o
                0x00000000080042ec                HAL_SDRAM_SendCommand
 .text.HAL_SDRAM_ProgramRefreshRate
                0x0000000008004342       0x40 Drivers/STM32F4xx_HAL_Driver/Src/stm32f4xx_hal_sdram.o
                0x0000000008004342                HAL_SDRAM_ProgramRefreshRate
 .text.HAL_SPI_Init
                0x0000000008004382       0xc8 Drivers/STM32F4xx_HAL_Driver/Src/stm32f4xx_hal_spi.o
                0x0000000008004382                HAL_SPI_Init
 .text.HAL_SPI_DeInit
                0x000000000800444a       0x50 Drivers/STM32F4xx_HAL_Driver/Src/stm32f4xx_hal_spi.o
                0x000000000800444a                HAL_SPI_DeInit
 .text.HAL_SPI_Transmit
                0x000000000800449a      0x268 Drivers/STM32F4xx_HAL_Driver/Src/stm32f4xx_hal_spi.o
                0x000000000800449a                HAL_SPI_Transmit
 .text.HAL_SPI_Receive
                0x0000000008004702      0x212 Drivers/STM32F4xx_HAL_Driver/Src/stm32f4xx_hal_spi.o
                0x0000000008004702                HAL_SPI_Receive
 .text.HAL_SPI_TransmitReceive
                0x0000000008004914      0x344 Drivers/STM32F4xx_HAL_Driver/Src/stm32f4xx_hal_spi.o
                0x0000000008004914                HAL_SPI_TransmitReceive
 .text.HAL_SPI_GetState
                0x0000000008004c58       0x1c Drivers/STM32F4xx_HAL_Driver/Src/stm32f4xx_hal_spi.o
                0x0000000008004c58                HAL_SPI_GetState
 .text.SPI_WaitFlagStateUntilTimeout
                0x0000000008004c74       0xd4 Drivers/STM32F4xx_HAL_Driver/Src/stm32f4xx_hal_spi.o
 .text.SPI_EndRxTransaction
                0x0000000008004d48       0xca Drivers/STM32F4xx_HAL_Driver/Src/stm32f4xx_hal_spi.o
 *fill*         0x0000000008004e12        0x2 
 .text.SPI_EndRxTxTransaction
                0x0000000008004e14       0x84 Drivers/STM32F4xx_HAL_Driver/Src/stm32f4xx_hal_spi.o
 .text.FMC_SDRAM_Init
                0x0000000008004e98       0xe6 Drivers/STM32F4xx_HAL_Driver/Src/stm32f4xx_ll_fmc.o
                0x0000000008004e98                FMC_SDRAM_Init
 .text.FMC_SDRAM_Timing_Init
                0x0000000008004f7e       0xfe Drivers/STM32F4xx_HAL_Driver/Src/stm32f4xx_ll_fmc.o
                0x0000000008004f7e                FMC_SDRAM_Timing_Init
 .text.FMC_SDRAM_SendCommand
                0x000000000800507c       0x78 Drivers/STM32F4xx_HAL_Driver/Src/stm32f4xx_ll_fmc.o
                0x000000000800507c                FMC_SDRAM_SendCommand
 .text.FMC_SDRAM_ProgramRefreshRate
                0x00000000080050f4       0x26 Drivers/STM32F4xx_HAL_Driver/Src/stm32f4xx_ll_fmc.o
                0x00000000080050f4                FMC_SDRAM_ProgramRefreshRate
 *fill*         0x000000000800511a        0x2 
 .text.main     0x000000000800511c      0x300 Src/main.o
                0x000000000800511c                main
 .text.SystemClock_Config
                0x000000000800541c      0x114 Src/main.o
                0x000000000800541c                SystemClock_Config
 .text.MX_CRC_Init
                0x0000000008005530       0x28 Src/main.o
 .text.MX_DMA2D_Init
                0x0000000008005558       0x64 Src/main.o
 .text.MX_I2C3_Init
                0x00000000080055bc       0x80 Src/main.o
 .text.MX_LTDC_Init
                0x000000000800563c      0x164 Src/main.o
 .text.MX_RNG_Init
                0x00000000080057a0       0x28 Src/main.o
 .text.MX_SPI5_Init
                0x00000000080057c8       0x6c Src/main.o
 .text.MX_FMC_Init
                0x0000000008005834       0x9c Src/main.o
 .text.MX_GPIO_Init
                0x00000000080058d0      0x154 Src/main.o
 .text.Error_Handler
                0x0000000008005a24        0xe Src/main.o
                0x0000000008005a24                Error_Handler
 *fill*         0x0000000008005a32        0x2 
 .text.HAL_MspInit
                0x0000000008005a34       0x50 Src/stm32f4xx_hal_msp.o
                0x0000000008005a34                HAL_MspInit
 .text.HAL_CRC_MspInit
                0x0000000008005a84       0x44 Src/stm32f4xx_hal_msp.o
                0x0000000008005a84                HAL_CRC_MspInit
 .text.HAL_DMA2D_MspInit
                0x0000000008005ac8       0x44 Src/stm32f4xx_hal_msp.o
                0x0000000008005ac8                HAL_DMA2D_MspInit
 .text.HAL_I2C_MspInit
                0x0000000008005b0c       0xd4 Src/stm32f4xx_hal_msp.o
                0x0000000008005b0c                HAL_I2C_MspInit
 .text.HAL_LTDC_MspInit
                0x0000000008005be0      0x21c Src/stm32f4xx_hal_msp.o
                0x0000000008005be0                HAL_LTDC_MspInit
 .text.HAL_RNG_MspInit
                0x0000000008005dfc       0x44 Src/stm32f4xx_hal_msp.o
                0x0000000008005dfc                HAL_RNG_MspInit
 .text.HAL_SPI_MspInit
                0x0000000008005e40       0x90 Src/stm32f4xx_hal_msp.o
                0x0000000008005e40                HAL_SPI_MspInit
 .text.HAL_SPI_MspDeInit
                0x0000000008005ed0       0x3c Src/stm32f4xx_hal_msp.o
                0x0000000008005ed0                HAL_SPI_MspDeInit
 .text.HAL_FMC_MspInit
                0x0000000008005f0c      0x124 Src/stm32f4xx_hal_msp.o
 .text.HAL_SDRAM_MspInit
                0x0000000008006030       0x14 Src/stm32f4xx_hal_msp.o
                0x0000000008006030                HAL_SDRAM_MspInit
 .text.NMI_Handler
                0x0000000008006044        0xe Src/stm32f4xx_it.o
                0x0000000008006044                NMI_Handler
 .text.HardFault_Handler
                0x0000000008006052        0x6 Src/stm32f4xx_it.o
                0x0000000008006052                HardFault_Handler
 .text.MemManage_Handler
                0x0000000008006058        0x6 Src/stm32f4xx_it.o
                0x0000000008006058                MemManage_Handler
 .text.BusFault_Handler
                0x000000000800605e        0x6 Src/stm32f4xx_it.o
                0x000000000800605e                BusFault_Handler
 .text.UsageFault_Handler
                0x0000000008006064        0x6 Src/stm32f4xx_it.o
                0x0000000008006064                UsageFault_Handler
 .text.SVC_Handler
                0x000000000800606a        0xe Src/stm32f4xx_it.o
                0x000000000800606a                SVC_Handler
 .text.DebugMon_Handler
                0x0000000008006078        0xe Src/stm32f4xx_it.o
                0x0000000008006078                DebugMon_Handler
 .text.PendSV_Handler
                0x0000000008006086        0xe Src/stm32f4xx_it.o
                0x0000000008006086                PendSV_Handler
 .text.SysTick_Handler
                0x0000000008006094        0xc Src/stm32f4xx_it.o
                0x0000000008006094                SysTick_Handler
 .text.EXTI2_IRQHandler
                0x00000000080060a0      0x194 Src/stm32f4xx_it.o
                0x00000000080060a0                EXTI2_IRQHandler
 .text.EXTI4_IRQHandler
                0x0000000008006234      0x194 Src/stm32f4xx_it.o
                0x0000000008006234                EXTI4_IRQHandler
 .text.EXTI9_5_IRQHandler
                0x00000000080063c8      0x194 Src/stm32f4xx_it.o
                0x00000000080063c8                EXTI9_5_IRQHandler
 .text._sbrk    0x000000000800655c       0x58 Src/sysmem.o
                0x000000000800655c                _sbrk
 .text.SystemInit
                0x00000000080065b4       0x6c Src/system_stm32f4xx.o
                0x00000000080065b4                SystemInit
 .text.Reset_Handler
                0x0000000008006620       0x50 Startup/startup_stm32f429zitx.o
                0x0000000008006620                Reset_Handler
 .text.Default_Handler
                0x0000000008006670        0x2 Startup/startup_stm32f429zitx.o
                0x0000000008006670                RTC_Alarm_IRQHandler
                0x0000000008006670                HASH_RNG_IRQHandler
                0x0000000008006670                TIM8_CC_IRQHandler
                0x0000000008006670                UART8_IRQHandler
                0x0000000008006670                SPI4_IRQHandler
                0x0000000008006670                TIM1_CC_IRQHandler
                0x0000000008006670                DMA2_Stream5_IRQHandler
                0x0000000008006670                DMA1_Stream5_IRQHandler
                0x0000000008006670                PVD_IRQHandler
                0x0000000008006670                SDIO_IRQHandler
                0x0000000008006670                TAMP_STAMP_IRQHandler
                0x0000000008006670                CAN2_RX1_IRQHandler
                0x0000000008006670                EXTI3_IRQHandler
                0x0000000008006670                TIM8_TRG_COM_TIM14_IRQHandler
                0x0000000008006670                TIM1_UP_TIM10_IRQHandler
                0x0000000008006670                TIM8_UP_TIM13_IRQHandler
                0x0000000008006670                I2C3_ER_IRQHandler
                0x0000000008006670                EXTI0_IRQHandler
                0x0000000008006670                I2C2_EV_IRQHandler
                0x0000000008006670                DMA1_Stream2_IRQHandler
                0x0000000008006670                CAN1_RX0_IRQHandler
                0x0000000008006670                FPU_IRQHandler
                0x0000000008006670                OTG_HS_WKUP_IRQHandler
                0x0000000008006670                LTDC_ER_IRQHandler
                0x0000000008006670                CAN2_SCE_IRQHandler
                0x0000000008006670                DMA2_Stream2_IRQHandler
                0x0000000008006670                SPI1_IRQHandler
                0x0000000008006670                TIM6_DAC_IRQHandler
                0x0000000008006670                TIM1_BRK_TIM9_IRQHandler
                0x0000000008006670                DCMI_IRQHandler
                0x0000000008006670                CAN2_RX0_IRQHandler
                0x0000000008006670                DMA2_Stream3_IRQHandler
                0x0000000008006670                USART6_IRQHandler
                0x0000000008006670                USART3_IRQHandler
                0x0000000008006670                CAN1_RX1_IRQHandler
                0x0000000008006670                UART5_IRQHandler
                0x0000000008006670                DMA2_Stream0_IRQHandler
                0x0000000008006670                TIM4_IRQHandler
                0x0000000008006670                I2C1_EV_IRQHandler
                0x0000000008006670                DMA1_Stream6_IRQHandler
                0x0000000008006670                DMA1_Stream1_IRQHandler
                0x0000000008006670                UART4_IRQHandler
                0x0000000008006670                TIM3_IRQHandler
                0x0000000008006670                RCC_IRQHandler
                0x0000000008006670                TIM8_BRK_TIM12_IRQHandler
                0x0000000008006670                Default_Handler
                0x0000000008006670                EXTI15_10_IRQHandler
                0x0000000008006670                ADC_IRQHandler
                0x0000000008006670                DMA1_Stream7_IRQHandler
                0x0000000008006670                SPI5_IRQHandler
                0x0000000008006670                TIM7_IRQHandler
                0x0000000008006670                CAN2_TX_IRQHandler
                0x0000000008006670                TIM5_IRQHandler
                0x0000000008006670                DMA2_Stream7_IRQHandler
                0x0000000008006670                I2C3_EV_IRQHandler
                0x0000000008006670                RTC_WKUP_IRQHandler
                0x0000000008006670                LTDC_IRQHandler
                0x0000000008006670                ETH_WKUP_IRQHandler
                0x0000000008006670                SPI2_IRQHandler
                0x0000000008006670                OTG_HS_EP1_IN_IRQHandler
                0x0000000008006670                DMA1_Stream0_IRQHandler
                0x0000000008006670                CAN1_TX_IRQHandler
                0x0000000008006670                ETH_IRQHandler
                0x0000000008006670                OTG_HS_EP1_OUT_IRQHandler
                0x0000000008006670                WWDG_IRQHandler
                0x0000000008006670                SPI6_IRQHandler
                0x0000000008006670                TIM2_IRQHandler
                0x0000000008006670                OTG_FS_WKUP_IRQHandler
                0x0000000008006670                TIM1_TRG_COM_TIM11_IRQHandler
                0x0000000008006670                OTG_HS_IRQHandler
                0x0000000008006670                DMA2D_IRQHandler
                0x0000000008006670                EXTI1_IRQHandler
                0x0000000008006670                UART7_IRQHandler
                0x0000000008006670                USART2_IRQHandler
                0x0000000008006670                I2C2_ER_IRQHandler
                0x0000000008006670                DMA2_Stream1_IRQHandler
                0x0000000008006670                CAN1_SCE_IRQHandler
                0x0000000008006670                FLASH_IRQHandler
                0x0000000008006670                DMA2_Stream4_IRQHandler
                0x0000000008006670                USART1_IRQHandler
                0x0000000008006670                OTG_FS_IRQHandler
                0x0000000008006670                SPI3_IRQHandler
                0x0000000008006670                DMA1_Stream4_IRQHandler
                0x0000000008006670                I2C1_ER_IRQHandler
                0x0000000008006670                FMC_IRQHandler
                0x0000000008006670                DMA2_Stream6_IRQHandler
                0x0000000008006670                SAI1_IRQHandler
                0x0000000008006670                DMA1_Stream3_IRQHandler
 *fill*         0x0000000008006672        0x2 
 .text.__errno  0x0000000008006674        0xc c:/st/stm32cubeide_1.0.2/stm32cubeide/plugins/com.st.stm32cube.ide.mcu.externaltools.gnu-tools-for-stm32.7-2018-q2-update.win32_1.0.0.201904181610/tools/bin/../lib/gcc/arm-none-eabi/7.3.1/../../../../arm-none-eabi/lib/thumb/v7e-m/fpv4-sp/hard\libc_nano.a(lib_a-errno.o)
                0x0000000008006674                __errno
 .text.__libc_init_array
                0x0000000008006680       0x48 c:/st/stm32cubeide_1.0.2/stm32cubeide/plugins/com.st.stm32cube.ide.mcu.externaltools.gnu-tools-for-stm32.7-2018-q2-update.win32_1.0.0.201904181610/tools/bin/../lib/gcc/arm-none-eabi/7.3.1/../../../../arm-none-eabi/lib/thumb/v7e-m/fpv4-sp/hard\libc_nano.a(lib_a-init.o)
                0x0000000008006680                __libc_init_array
 .text.memset   0x00000000080066c8       0x10 c:/st/stm32cubeide_1.0.2/stm32cubeide/plugins/com.st.stm32cube.ide.mcu.externaltools.gnu-tools-for-stm32.7-2018-q2-update.win32_1.0.0.201904181610/tools/bin/../lib/gcc/arm-none-eabi/7.3.1/../../../../arm-none-eabi/lib/thumb/v7e-m/fpv4-sp/hard\libc_nano.a(lib_a-memset.o)
                0x00000000080066c8                memset
 .text.sprintf  0x00000000080066d8       0x40 c:/st/stm32cubeide_1.0.2/stm32cubeide/plugins/com.st.stm32cube.ide.mcu.externaltools.gnu-tools-for-stm32.7-2018-q2-update.win32_1.0.0.201904181610/tools/bin/../lib/gcc/arm-none-eabi/7.3.1/../../../../arm-none-eabi/lib/thumb/v7e-m/fpv4-sp/hard\libc_nano.a(lib_a-sprintf.o)
                0x00000000080066d8                siprintf
                0x00000000080066d8                sprintf
 .text.strcat   0x0000000008006718       0x1e c:/st/stm32cubeide_1.0.2/stm32cubeide/plugins/com.st.stm32cube.ide.mcu.externaltools.gnu-tools-for-stm32.7-2018-q2-update.win32_1.0.0.201904181610/tools/bin/../lib/gcc/arm-none-eabi/7.3.1/../../../../arm-none-eabi/lib/thumb/v7e-m/fpv4-sp/hard\libc_nano.a(lib_a-strcat.o)
                0x0000000008006718                strcat
 .text.__ssputs_r
                0x0000000008006736       0xb4 c:/st/stm32cubeide_1.0.2/stm32cubeide/plugins/com.st.stm32cube.ide.mcu.externaltools.gnu-tools-for-stm32.7-2018-q2-update.win32_1.0.0.201904181610/tools/bin/../lib/gcc/arm-none-eabi/7.3.1/../../../../arm-none-eabi/lib/thumb/v7e-m/fpv4-sp/hard\libc_nano.a(lib_a-nano-svfprintf.o)
                0x0000000008006736                __ssputs_r
 *fill*         0x00000000080067ea        0x2 
 .text._svfprintf_r
                0x00000000080067ec      0x1f0 c:/st/stm32cubeide_1.0.2/stm32cubeide/plugins/com.st.stm32cube.ide.mcu.externaltools.gnu-tools-for-stm32.7-2018-q2-update.win32_1.0.0.201904181610/tools/bin/../lib/gcc/arm-none-eabi/7.3.1/../../../../arm-none-eabi/lib/thumb/v7e-m/fpv4-sp/hard\libc_nano.a(lib_a-nano-svfprintf.o)
                0x00000000080067ec                _svfiprintf_r
                0x00000000080067ec                _svfprintf_r
 .text._printf_common
                0x00000000080069dc       0xea c:/st/stm32cubeide_1.0.2/stm32cubeide/plugins/com.st.stm32cube.ide.mcu.externaltools.gnu-tools-for-stm32.7-2018-q2-update.win32_1.0.0.201904181610/tools/bin/../lib/gcc/arm-none-eabi/7.3.1/../../../../arm-none-eabi/lib/thumb/v7e-m/fpv4-sp/hard\libc_nano.a(lib_a-nano-vfprintf_i.o)
                0x00000000080069dc                _printf_common
 *fill*         0x0000000008006ac6        0x2 
 .text._printf_i
                0x0000000008006ac8      0x224 c:/st/stm32cubeide_1.0.2/stm32cubeide/plugins/com.st.stm32cube.ide.mcu.externaltools.gnu-tools-for-stm32.7-2018-q2-update.win32_1.0.0.201904181610/tools/bin/../lib/gcc/arm-none-eabi/7.3.1/../../../../arm-none-eabi/lib/thumb/v7e-m/fpv4-sp/hard\libc_nano.a(lib_a-nano-vfprintf_i.o)
                0x0000000008006ac8                _printf_i
 .text.memcpy   0x0000000008006cec       0x16 c:/st/stm32cubeide_1.0.2/stm32cubeide/plugins/com.st.stm32cube.ide.mcu.externaltools.gnu-tools-for-stm32.7-2018-q2-update.win32_1.0.0.201904181610/tools/bin/../lib/gcc/arm-none-eabi/7.3.1/../../../../arm-none-eabi/lib/thumb/v7e-m/fpv4-sp/hard\libc_nano.a(lib_a-memcpy-stub.o)
                0x0000000008006cec                memcpy
 .text.memmove  0x0000000008006d02       0x32 c:/st/stm32cubeide_1.0.2/stm32cubeide/plugins/com.st.stm32cube.ide.mcu.externaltools.gnu-tools-for-stm32.7-2018-q2-update.win32_1.0.0.201904181610/tools/bin/../lib/gcc/arm-none-eabi/7.3.1/../../../../arm-none-eabi/lib/thumb/v7e-m/fpv4-sp/hard\libc_nano.a(lib_a-memmove.o)
                0x0000000008006d02                memmove
 .text._free_r  0x0000000008006d34       0x9c c:/st/stm32cubeide_1.0.2/stm32cubeide/plugins/com.st.stm32cube.ide.mcu.externaltools.gnu-tools-for-stm32.7-2018-q2-update.win32_1.0.0.201904181610/tools/bin/../lib/gcc/arm-none-eabi/7.3.1/../../../../arm-none-eabi/lib/thumb/v7e-m/fpv4-sp/hard\libc_nano.a(lib_a-nano-freer.o)
                0x0000000008006d34                _free_r
 .text._malloc_r
                0x0000000008006dd0       0xb4 c:/st/stm32cubeide_1.0.2/stm32cubeide/plugins/com.st.stm32cube.ide.mcu.externaltools.gnu-tools-for-stm32.7-2018-q2-update.win32_1.0.0.201904181610/tools/bin/../lib/gcc/arm-none-eabi/7.3.1/../../../../arm-none-eabi/lib/thumb/v7e-m/fpv4-sp/hard\libc_nano.a(lib_a-nano-mallocr.o)
                0x0000000008006dd0                _malloc_r
 .text._realloc_r
                0x0000000008006e84       0x4c c:/st/stm32cubeide_1.0.2/stm32cubeide/plugins/com.st.stm32cube.ide.mcu.externaltools.gnu-tools-for-stm32.7-2018-q2-update.win32_1.0.0.201904181610/tools/bin/../lib/gcc/arm-none-eabi/7.3.1/../../../../arm-none-eabi/lib/thumb/v7e-m/fpv4-sp/hard\libc_nano.a(lib_a-nano-reallocr.o)
                0x0000000008006e84                _realloc_r
 .text._sbrk_r  0x0000000008006ed0       0x20 c:/st/stm32cubeide_1.0.2/stm32cubeide/plugins/com.st.stm32cube.ide.mcu.externaltools.gnu-tools-for-stm32.7-2018-q2-update.win32_1.0.0.201904181610/tools/bin/../lib/gcc/arm-none-eabi/7.3.1/../../../../arm-none-eabi/lib/thumb/v7e-m/fpv4-sp/hard\libc_nano.a(lib_a-sbrkr.o)
                0x0000000008006ed0                _sbrk_r
 .text.__malloc_lock
                0x0000000008006ef0        0x2 c:/st/stm32cubeide_1.0.2/stm32cubeide/plugins/com.st.stm32cube.ide.mcu.externaltools.gnu-tools-for-stm32.7-2018-q2-update.win32_1.0.0.201904181610/tools/bin/../lib/gcc/arm-none-eabi/7.3.1/../../../../arm-none-eabi/lib/thumb/v7e-m/fpv4-sp/hard\libc_nano.a(lib_a-mlock.o)
                0x0000000008006ef0                __malloc_lock
 .text.__malloc_unlock
                0x0000000008006ef2        0x2 c:/st/stm32cubeide_1.0.2/stm32cubeide/plugins/com.st.stm32cube.ide.mcu.externaltools.gnu-tools-for-stm32.7-2018-q2-update.win32_1.0.0.201904181610/tools/bin/../lib/gcc/arm-none-eabi/7.3.1/../../../../arm-none-eabi/lib/thumb/v7e-m/fpv4-sp/hard\libc_nano.a(lib_a-mlock.o)
                0x0000000008006ef2                __malloc_unlock
 .text._malloc_usable_size_r
                0x0000000008006ef4       0x10 c:/st/stm32cubeide_1.0.2/stm32cubeide/plugins/com.st.stm32cube.ide.mcu.externaltools.gnu-tools-for-stm32.7-2018-q2-update.win32_1.0.0.201904181610/tools/bin/../lib/gcc/arm-none-eabi/7.3.1/../../../../arm-none-eabi/lib/thumb/v7e-m/fpv4-sp/hard\libc_nano.a(lib_a-nano-msizer.o)
                0x0000000008006ef4                _malloc_usable_size_r
 *(.glue_7)
 .glue_7        0x0000000008006f04        0x0 linker stubs
 *(.glue_7t)
 .glue_7t       0x0000000008006f04        0x0 linker stubs
 *(.eh_frame)
 .eh_frame      0x0000000008006f04        0x0 c:/st/stm32cubeide_1.0.2/stm32cubeide/plugins/com.st.stm32cube.ide.mcu.externaltools.gnu-tools-for-stm32.7-2018-q2-update.win32_1.0.0.201904181610/tools/bin/../lib/gcc/arm-none-eabi/7.3.1/thumb/v7e-m/fpv4-sp/hard/crtbegin.o
 *(.init)
 .init          0x0000000008006f04        0x4 c:/st/stm32cubeide_1.0.2/stm32cubeide/plugins/com.st.stm32cube.ide.mcu.externaltools.gnu-tools-for-stm32.7-2018-q2-update.win32_1.0.0.201904181610/tools/bin/../lib/gcc/arm-none-eabi/7.3.1/thumb/v7e-m/fpv4-sp/hard/crti.o
                0x0000000008006f04                _init
 .init          0x0000000008006f08        0x8 c:/st/stm32cubeide_1.0.2/stm32cubeide/plugins/com.st.stm32cube.ide.mcu.externaltools.gnu-tools-for-stm32.7-2018-q2-update.win32_1.0.0.201904181610/tools/bin/../lib/gcc/arm-none-eabi/7.3.1/thumb/v7e-m/fpv4-sp/hard/crtn.o
 *(.fini)
 .fini          0x0000000008006f10        0x4 c:/st/stm32cubeide_1.0.2/stm32cubeide/plugins/com.st.stm32cube.ide.mcu.externaltools.gnu-tools-for-stm32.7-2018-q2-update.win32_1.0.0.201904181610/tools/bin/../lib/gcc/arm-none-eabi/7.3.1/thumb/v7e-m/fpv4-sp/hard/crti.o
                0x0000000008006f10                _fini
 .fini          0x0000000008006f14        0x8 c:/st/stm32cubeide_1.0.2/stm32cubeide/plugins/com.st.stm32cube.ide.mcu.externaltools.gnu-tools-for-stm32.7-2018-q2-update.win32_1.0.0.201904181610/tools/bin/../lib/gcc/arm-none-eabi/7.3.1/thumb/v7e-m/fpv4-sp/hard/crtn.o
                0x0000000008006f1c                . = ALIGN (0x4)
                0x0000000008006f1c                _etext = .

.vfp11_veneer   0x0000000008006f1c        0x0
 .vfp11_veneer  0x0000000008006f1c        0x0 linker stubs

.v4_bx          0x0000000008006f1c        0x0
 .v4_bx         0x0000000008006f1c        0x0 linker stubs

.iplt           0x0000000008006f1c        0x0
 .iplt          0x0000000008006f1c        0x0 c:/st/stm32cubeide_1.0.2/stm32cubeide/plugins/com.st.stm32cube.ide.mcu.externaltools.gnu-tools-for-stm32.7-2018-q2-update.win32_1.0.0.201904181610/tools/bin/../lib/gcc/arm-none-eabi/7.3.1/thumb/v7e-m/fpv4-sp/hard/crtbegin.o

.rodata         0x0000000008006f1c     0x1b14
                0x0000000008006f1c                . = ALIGN (0x4)
 *(.rodata)
 .rodata        0x0000000008006f1c        0x3 Src/main.o
 *fill*         0x0000000008006f1f        0x1 
 .rodata        0x0000000008006f20        0x3 Src/stm32f4xx_it.o
 *(.rodata*)
 *fill*         0x0000000008006f23        0x1 
 .rodata.Font24_Table
                0x0000000008006f24     0x1ab8 Drivers/BSP/STM32F429I-Discovery/stm32f429i_discovery_lcd.o
                0x0000000008006f24                Font24_Table
 .rodata.flagBitshiftOffset.8642
                0x00000000080089dc        0x8 Drivers/STM32F4xx_HAL_Driver/Src/stm32f4xx_hal_dma.o
 .rodata.AHBPrescTable
                0x00000000080089e4       0x10 Src/system_stm32f4xx.o
                0x00000000080089e4                AHBPrescTable
 .rodata.APBPrescTable
                0x00000000080089f4        0x8 Src/system_stm32f4xx.o
                0x00000000080089f4                APBPrescTable
 .rodata._svfprintf_r.str1.1
                0x00000000080089fc       0x11 c:/st/stm32cubeide_1.0.2/stm32cubeide/plugins/com.st.stm32cube.ide.mcu.externaltools.gnu-tools-for-stm32.7-2018-q2-update.win32_1.0.0.201904181610/tools/bin/../lib/gcc/arm-none-eabi/7.3.1/../../../../arm-none-eabi/lib/thumb/v7e-m/fpv4-sp/hard\libc_nano.a(lib_a-nano-svfprintf.o)
 .rodata._printf_i.str1.1
                0x0000000008008a0d       0x22 c:/st/stm32cubeide_1.0.2/stm32cubeide/plugins/com.st.stm32cube.ide.mcu.externaltools.gnu-tools-for-stm32.7-2018-q2-update.win32_1.0.0.201904181610/tools/bin/../lib/gcc/arm-none-eabi/7.3.1/../../../../arm-none-eabi/lib/thumb/v7e-m/fpv4-sp/hard\libc_nano.a(lib_a-nano-vfprintf_i.o)
                0x0000000008008a30                . = ALIGN (0x4)
 *fill*         0x0000000008008a2f        0x1 

.ARM.extab      0x0000000008008a30        0x0
                0x0000000008008a30                . = ALIGN (0x4)
 *(.ARM.extab* .gnu.linkonce.armextab.*)
                0x0000000008008a30                . = ALIGN (0x4)

.ARM            0x0000000008008a30        0x8
                0x0000000008008a30                . = ALIGN (0x4)
                0x0000000008008a30                __exidx_start = .
 *(.ARM.exidx*)
 .ARM.exidx     0x0000000008008a30        0x8 c:/st/stm32cubeide_1.0.2/stm32cubeide/plugins/com.st.stm32cube.ide.mcu.externaltools.gnu-tools-for-stm32.7-2018-q2-update.win32_1.0.0.201904181610/tools/bin/../lib/gcc/arm-none-eabi/7.3.1/thumb/v7e-m/fpv4-sp/hard\libgcc.a(_udivmoddi4.o)
                0x0000000008008a38                __exidx_end = .
                0x0000000008008a38                . = ALIGN (0x4)

.rel.dyn        0x0000000008008a38        0x0
 .rel.iplt      0x0000000008008a38        0x0 c:/st/stm32cubeide_1.0.2/stm32cubeide/plugins/com.st.stm32cube.ide.mcu.externaltools.gnu-tools-for-stm32.7-2018-q2-update.win32_1.0.0.201904181610/tools/bin/../lib/gcc/arm-none-eabi/7.3.1/thumb/v7e-m/fpv4-sp/hard/crtbegin.o

.preinit_array  0x0000000008008a38        0x0
                0x0000000008008a38                . = ALIGN (0x4)
                0x0000000008008a38                PROVIDE (__preinit_array_start = .)
 *(.preinit_array*)
                0x0000000008008a38                PROVIDE (__preinit_array_end = .)
                0x0000000008008a38                . = ALIGN (0x4)

.init_array     0x0000000008008a38        0x4
                0x0000000008008a38                . = ALIGN (0x4)
                0x0000000008008a38                PROVIDE (__init_array_start = .)
 *(SORT_BY_NAME(.init_array.*))
 *(.init_array*)
 .init_array    0x0000000008008a38        0x4 c:/st/stm32cubeide_1.0.2/stm32cubeide/plugins/com.st.stm32cube.ide.mcu.externaltools.gnu-tools-for-stm32.7-2018-q2-update.win32_1.0.0.201904181610/tools/bin/../lib/gcc/arm-none-eabi/7.3.1/thumb/v7e-m/fpv4-sp/hard/crtbegin.o
                0x0000000008008a3c                PROVIDE (__init_array_end = .)
                0x0000000008008a3c                . = ALIGN (0x4)

.fini_array     0x0000000008008a3c        0x4
                0x0000000008008a3c                . = ALIGN (0x4)
                [!provide]                        PROVIDE (__fini_array_start = .)
 *(SORT_BY_NAME(.fini_array.*))
 *(.fini_array*)
 .fini_array    0x0000000008008a3c        0x4 c:/st/stm32cubeide_1.0.2/stm32cubeide/plugins/com.st.stm32cube.ide.mcu.externaltools.gnu-tools-for-stm32.7-2018-q2-update.win32_1.0.0.201904181610/tools/bin/../lib/gcc/arm-none-eabi/7.3.1/thumb/v7e-m/fpv4-sp/hard/crtbegin.o
                [!provide]                        PROVIDE (__fini_array_end = .)
                0x0000000008008a40                . = ALIGN (0x4)
                0x0000000008008a40                _sidata = LOADADDR (.data)

.data           0x0000000020000000    0x274ec load address 0x0000000008008a40
                0x0000000020000000                . = ALIGN (0x4)
                0x0000000020000000                _sdata = .
 *(.data)
 *(.data*)
 .data.ili9341_drv
                0x0000000020000000       0x38 Drivers/BSP/Components/ili9341/ili9341.o
                0x0000000020000000                ili9341_drv
 .data.SpixTimeout
                0x0000000020000038        0x4 Drivers/BSP/STM32F429I-Discovery/stm32f429i_discovery.o
                0x0000000020000038                SpixTimeout
 .data.Font24   0x000000002000003c        0x8 Drivers/BSP/STM32F429I-Discovery/stm32f429i_discovery_lcd.o
                0x000000002000003c                Font24
 .data.sdramstatus.8584
                0x0000000020000044        0x1 Drivers/BSP/STM32F429I-Discovery/stm32f429i_discovery_sdram.o
 *fill*         0x0000000020000045        0x3 
 .data.uwTickPrio
                0x0000000020000048        0x4 Drivers/STM32F4xx_HAL_Driver/Src/stm32f4xx_hal.o
                0x0000000020000048                uwTickPrio
 .data.uwTickFreq
                0x000000002000004c        0x1 Drivers/STM32F4xx_HAL_Driver/Src/stm32f4xx_hal.o
                0x000000002000004c                uwTickFreq
 *fill*         0x000000002000004d        0x3 
 .data.obraz0   0x0000000020000050     0xe17a Src/main.o
                0x0000000020000050                obraz0
 *fill*         0x000000002000e1ca        0x2 
 .data.obraz1   0x000000002000e1cc     0x4b7a Src/main.o
                0x000000002000e1cc                obraz1
 *fill*         0x0000000020012d46        0x2 
 .data.obraz2   0x0000000020012d48     0x648a Src/main.o
                0x0000000020012d48                obraz2
 *fill*         0x00000000200191d2        0x2 
 .data.obraz3   0x00000000200191d4     0x4b7a Src/main.o
                0x00000000200191d4                obraz3
 *fill*         0x000000002001dd4e        0x2 
 .data.obraz4   0x000000002001dd50     0x4b7a Src/main.o
                0x000000002001dd50                obraz4
 *fill*         0x00000000200228ca        0x2 
 .data.obraz5   0x00000000200228cc     0x4b7a Src/main.o
                0x00000000200228cc                obraz5
 .data.zycia    0x0000000020027446        0x2 Src/main.o
                0x0000000020027446                zycia
 .data.lv_up    0x0000000020027448        0x2 Src/main.o
                0x0000000020027448                lv_up
 .data.lv_up_cap
                0x000000002002744a        0x2 Src/main.o
                0x000000002002744a                lv_up_cap
 .data.szansa_zly
                0x000000002002744c        0x4 Src/main.o
                0x000000002002744c                szansa_zly
 .data.ludzik_zyje
                0x0000000020027450        0x3 Src/main.o
                0x0000000020027450                ludzik_zyje
 *fill*         0x0000000020027453        0x1 
 .data.wyraz0   0x0000000020027454        0x9 Src/main.o
                0x0000000020027454                wyraz0
 *fill*         0x000000002002745d        0x3 
 .data.wyraz1   0x0000000020027460        0x9 Src/main.o
                0x0000000020027460                wyraz1
 *fill*         0x0000000020027469        0x3 
 .data.wyraz2   0x000000002002746c        0x9 Src/main.o
                0x000000002002746c                wyraz2
 *fill*         0x0000000020027475        0x3 
 .data.wyraz3   0x0000000020027478        0xb Src/main.o
                0x0000000020027478                wyraz3
 *fill*         0x0000000020027483        0x1 
 .data.SystemCoreClock
                0x0000000020027484        0x4 Src/system_stm32f4xx.o
                0x0000000020027484                SystemCoreClock
 .data._impure_ptr
                0x0000000020027488        0x4 c:/st/stm32cubeide_1.0.2/stm32cubeide/plugins/com.st.stm32cube.ide.mcu.externaltools.gnu-tools-for-stm32.7-2018-q2-update.win32_1.0.0.201904181610/tools/bin/../lib/gcc/arm-none-eabi/7.3.1/../../../../arm-none-eabi/lib/thumb/v7e-m/fpv4-sp/hard\libc_nano.a(lib_a-impure.o)
                0x0000000020027488                _impure_ptr
 .data.impure_data
                0x000000002002748c       0x60 c:/st/stm32cubeide_1.0.2/stm32cubeide/plugins/com.st.stm32cube.ide.mcu.externaltools.gnu-tools-for-stm32.7-2018-q2-update.win32_1.0.0.201904181610/tools/bin/../lib/gcc/arm-none-eabi/7.3.1/../../../../arm-none-eabi/lib/thumb/v7e-m/fpv4-sp/hard\libc_nano.a(lib_a-impure.o)
                0x00000000200274ec                . = ALIGN (0x4)
                0x00000000200274ec                _edata = .

.igot.plt       0x00000000200274ec        0x0 load address 0x000000000802ff2c
 .igot.plt      0x00000000200274ec        0x0 c:/st/stm32cubeide_1.0.2/stm32cubeide/plugins/com.st.stm32cube.ide.mcu.externaltools.gnu-tools-for-stm32.7-2018-q2-update.win32_1.0.0.201904181610/tools/bin/../lib/gcc/arm-none-eabi/7.3.1/thumb/v7e-m/fpv4-sp/hard/crtbegin.o
                0x00000000200274ec                . = ALIGN (0x4)

.bss            0x00000000200274ec      0x4a8 load address 0x000000000802ff2c
                0x00000000200274ec                _sbss = .
                0x00000000200274ec                __bss_start__ = _sbss
 *(.bss)
 .bss           0x00000000200274ec       0x1c c:/st/stm32cubeide_1.0.2/stm32cubeide/plugins/com.st.stm32cube.ide.mcu.externaltools.gnu-tools-for-stm32.7-2018-q2-update.win32_1.0.0.201904181610/tools/bin/../lib/gcc/arm-none-eabi/7.3.1/thumb/v7e-m/fpv4-sp/hard/crtbegin.o
 *(.bss*)
 .bss.SpiHandle
                0x0000000020027508       0x58 Drivers/BSP/STM32F429I-Discovery/stm32f429i_discovery.o
 .bss.Is_LCD_IO_Initialized
                0x0000000020027560        0x1 Drivers/BSP/STM32F429I-Discovery/stm32f429i_discovery.o
 *fill*         0x0000000020027561        0x3 
 .bss.Dma2dHandler
                0x0000000020027564       0x40 Drivers/BSP/STM32F429I-Discovery/stm32f429i_discovery_lcd.o
 .bss.PeriphClkInitStruct
                0x00000000200275a4       0x30 Drivers/BSP/STM32F429I-Discovery/stm32f429i_discovery_lcd.o
 .bss.ActiveLayer
                0x00000000200275d4        0x4 Drivers/BSP/STM32F429I-Discovery/stm32f429i_discovery_lcd.o
 .bss.DrawProp  0x00000000200275d8       0x18 Drivers/BSP/STM32F429I-Discovery/stm32f429i_discovery_lcd.o
 .bss.SdramHandle
                0x00000000200275f0       0x34 Drivers/BSP/STM32F429I-Discovery/stm32f429i_discovery_sdram.o
 .bss.Timing    0x0000000020027624       0x1c Drivers/BSP/STM32F429I-Discovery/stm32f429i_discovery_sdram.o
 .bss.Command   0x0000000020027640       0x10 Drivers/BSP/STM32F429I-Discovery/stm32f429i_discovery_sdram.o
 .bss.dmaHandle.8619
                0x0000000020027650       0x60 Drivers/BSP/STM32F429I-Discovery/stm32f429i_discovery_sdram.o
 .bss.nr_rundy  0x00000000200276b0        0x1 Src/main.o
                0x00000000200276b0                nr_rundy
 *fill*         0x00000000200276b1        0x1 
 .bss.punkty    0x00000000200276b2        0x2 Src/main.o
                0x00000000200276b2                punkty
 .bss.strzal    0x00000000200276b4        0x3 Src/main.o
                0x00000000200276b4                strzal
 *fill*         0x00000000200276b7        0x1 
 .bss.ludzik_zly
                0x00000000200276b8        0x3 Src/main.o
                0x00000000200276b8                ludzik_zly
 *fill*         0x00000000200276bb        0x1 
 .bss.FMC_Initialized
                0x00000000200276bc        0x4 Src/stm32f4xx_hal_msp.o
 .bss.heap_end.6424
                0x00000000200276c0        0x4 Src/sysmem.o
 .bss.__malloc_free_list
                0x00000000200276c4        0x4 c:/st/stm32cubeide_1.0.2/stm32cubeide/plugins/com.st.stm32cube.ide.mcu.externaltools.gnu-tools-for-stm32.7-2018-q2-update.win32_1.0.0.201904181610/tools/bin/../lib/gcc/arm-none-eabi/7.3.1/../../../../arm-none-eabi/lib/thumb/v7e-m/fpv4-sp/hard\libc_nano.a(lib_a-nano-mallocr.o)
                0x00000000200276c4                __malloc_free_list
 .bss.__malloc_sbrk_start
                0x00000000200276c8        0x4 c:/st/stm32cubeide_1.0.2/stm32cubeide/plugins/com.st.stm32cube.ide.mcu.externaltools.gnu-tools-for-stm32.7-2018-q2-update.win32_1.0.0.201904181610/tools/bin/../lib/gcc/arm-none-eabi/7.3.1/../../../../arm-none-eabi/lib/thumb/v7e-m/fpv4-sp/hard\libc_nano.a(lib_a-nano-mallocr.o)
                0x00000000200276c8                __malloc_sbrk_start
 *(COMMON)
 COMMON         0x00000000200276cc       0xac Drivers/BSP/STM32F429I-Discovery/stm32f429i_discovery_lcd.o
                0x00000000200276cc                LtdcHandler
                0x0000000020027774                LcdDrv
 COMMON         0x0000000020027778        0x4 Drivers/STM32F4xx_HAL_Driver/Src/stm32f4xx_hal.o
                0x0000000020027778                uwTick
 COMMON         0x000000002002777c      0x214 Src/main.o
                0x000000002002777c                hi2c3
                0x00000000200277d0                hspi5
                0x0000000020027828                mozna_strzelac
                0x000000002002782c                wyraz
                0x0000000020027854                hcrc
                0x000000002002785c                hltdc
                0x0000000020027904                hrng
                0x0000000020027914                hdma2d
                0x0000000020027954                wyraz_liczba
                0x000000002002795c                hsdram1
 COMMON         0x0000000020027990        0x4 c:/st/stm32cubeide_1.0.2/stm32cubeide/plugins/com.st.stm32cube.ide.mcu.externaltools.gnu-tools-for-stm32.7-2018-q2-update.win32_1.0.0.201904181610/tools/bin/../lib/gcc/arm-none-eabi/7.3.1/../../../../arm-none-eabi/lib/thumb/v7e-m/fpv4-sp/hard\libc_nano.a(lib_a-reent.o)
                0x0000000020027990                errno
                0x0000000020027994                . = ALIGN (0x4)
                0x0000000020027994                _ebss = .
                0x0000000020027994                __bss_end__ = _ebss

._user_heap_stack
                0x0000000020027994      0x604 load address 0x000000000802ff2c
                0x0000000020027998                . = ALIGN (0x8)
 *fill*         0x0000000020027994        0x4 
                0x0000000020027998                PROVIDE (end = .)
                [!provide]                        PROVIDE (_end = .)
                0x0000000020027b98                . = (. + _Min_Heap_Size)
 *fill*         0x0000000020027998      0x200 
                0x0000000020027f98                . = (. + _Min_Stack_Size)
 *fill*         0x0000000020027b98      0x400 
                0x0000000020027f98                . = ALIGN (0x8)

/DISCARD/
 libc.a(*)
 libm.a(*)
 libgcc.a(*)

.ARM.attributes
                0x0000000000000000       0x30
 *(.ARM.attributes)
 .ARM.attributes
                0x0000000000000000       0x22 c:/st/stm32cubeide_1.0.2/stm32cubeide/plugins/com.st.stm32cube.ide.mcu.externaltools.gnu-tools-for-stm32.7-2018-q2-update.win32_1.0.0.201904181610/tools/bin/../lib/gcc/arm-none-eabi/7.3.1/thumb/v7e-m/fpv4-sp/hard/crti.o
 .ARM.attributes
                0x0000000000000022       0x34 c:/st/stm32cubeide_1.0.2/stm32cubeide/plugins/com.st.stm32cube.ide.mcu.externaltools.gnu-tools-for-stm32.7-2018-q2-update.win32_1.0.0.201904181610/tools/bin/../lib/gcc/arm-none-eabi/7.3.1/thumb/v7e-m/fpv4-sp/hard/crtbegin.o
 .ARM.attributes
                0x0000000000000056       0x39 Drivers/BSP/Components/ili9341/ili9341.o
 .ARM.attributes
                0x000000000000008f       0x39 Drivers/BSP/STM32F429I-Discovery/stm32f429i_discovery.o
 .ARM.attributes
                0x00000000000000c8       0x39 Drivers/BSP/STM32F429I-Discovery/stm32f429i_discovery_lcd.o
 .ARM.attributes
                0x0000000000000101       0x39 Drivers/BSP/STM32F429I-Discovery/stm32f429i_discovery_sdram.o
 .ARM.attributes
                0x000000000000013a       0x39 Drivers/STM32F4xx_HAL_Driver/Src/stm32f4xx_hal.o
 .ARM.attributes
                0x0000000000000173       0x39 Drivers/STM32F4xx_HAL_Driver/Src/stm32f4xx_hal_cortex.o
 .ARM.attributes
                0x00000000000001ac       0x39 Drivers/STM32F4xx_HAL_Driver/Src/stm32f4xx_hal_crc.o
 .ARM.attributes
                0x00000000000001e5       0x39 Drivers/STM32F4xx_HAL_Driver/Src/stm32f4xx_hal_dma.o
 .ARM.attributes
                0x000000000000021e       0x39 Drivers/STM32F4xx_HAL_Driver/Src/stm32f4xx_hal_dma2d.o
 .ARM.attributes
                0x0000000000000257       0x39 Drivers/STM32F4xx_HAL_Driver/Src/stm32f4xx_hal_gpio.o
 .ARM.attributes
                0x0000000000000290       0x39 Drivers/STM32F4xx_HAL_Driver/Src/stm32f4xx_hal_i2c.o
 .ARM.attributes
                0x00000000000002c9       0x39 Drivers/STM32F4xx_HAL_Driver/Src/stm32f4xx_hal_i2c_ex.o
 .ARM.attributes
                0x0000000000000302       0x39 Drivers/STM32F4xx_HAL_Driver/Src/stm32f4xx_hal_ltdc.o
 .ARM.attributes
                0x000000000000033b       0x39 Drivers/STM32F4xx_HAL_Driver/Src/stm32f4xx_hal_pwr_ex.o
 .ARM.attributes
                0x0000000000000374       0x39 Drivers/STM32F4xx_HAL_Driver/Src/stm32f4xx_hal_rcc.o
 .ARM.attributes
                0x00000000000003ad       0x39 Drivers/STM32F4xx_HAL_Driver/Src/stm32f4xx_hal_rcc_ex.o
 .ARM.attributes
                0x00000000000003e6       0x39 Drivers/STM32F4xx_HAL_Driver/Src/stm32f4xx_hal_rng.o
 .ARM.attributes
                0x000000000000041f       0x39 Drivers/STM32F4xx_HAL_Driver/Src/stm32f4xx_hal_sdram.o
 .ARM.attributes
                0x0000000000000458       0x39 Drivers/STM32F4xx_HAL_Driver/Src/stm32f4xx_hal_spi.o
 .ARM.attributes
                0x0000000000000491       0x39 Drivers/STM32F4xx_HAL_Driver/Src/stm32f4xx_ll_fmc.o
 .ARM.attributes
                0x00000000000004ca       0x39 Src/main.o
 .ARM.attributes
                0x0000000000000503       0x39 Src/stm32f4xx_hal_msp.o
 .ARM.attributes
                0x000000000000053c       0x39 Src/stm32f4xx_it.o
 .ARM.attributes
                0x0000000000000575       0x39 Src/sysmem.o
 .ARM.attributes
                0x00000000000005ae       0x39 Src/system_stm32f4xx.o
 .ARM.attributes
                0x00000000000005e7       0x21 Startup/startup_stm32f429zitx.o
 .ARM.attributes
                0x0000000000000608       0x34 c:/st/stm32cubeide_1.0.2/stm32cubeide/plugins/com.st.stm32cube.ide.mcu.externaltools.gnu-tools-for-stm32.7-2018-q2-update.win32_1.0.0.201904181610/tools/bin/../lib/gcc/arm-none-eabi/7.3.1/../../../../arm-none-eabi/lib/thumb/v7e-m/fpv4-sp/hard\libc_nano.a(lib_a-errno.o)
 .ARM.attributes
                0x000000000000063c       0x34 c:/st/stm32cubeide_1.0.2/stm32cubeide/plugins/com.st.stm32cube.ide.mcu.externaltools.gnu-tools-for-stm32.7-2018-q2-update.win32_1.0.0.201904181610/tools/bin/../lib/gcc/arm-none-eabi/7.3.1/../../../../arm-none-eabi/lib/thumb/v7e-m/fpv4-sp/hard\libc_nano.a(lib_a-impure.o)
 .ARM.attributes
                0x0000000000000670       0x34 c:/st/stm32cubeide_1.0.2/stm32cubeide/plugins/com.st.stm32cube.ide.mcu.externaltools.gnu-tools-for-stm32.7-2018-q2-update.win32_1.0.0.201904181610/tools/bin/../lib/gcc/arm-none-eabi/7.3.1/../../../../arm-none-eabi/lib/thumb/v7e-m/fpv4-sp/hard\libc_nano.a(lib_a-init.o)
 .ARM.attributes
                0x00000000000006a4       0x34 c:/st/stm32cubeide_1.0.2/stm32cubeide/plugins/com.st.stm32cube.ide.mcu.externaltools.gnu-tools-for-stm32.7-2018-q2-update.win32_1.0.0.201904181610/tools/bin/../lib/gcc/arm-none-eabi/7.3.1/../../../../arm-none-eabi/lib/thumb/v7e-m/fpv4-sp/hard\libc_nano.a(lib_a-memset.o)
 .ARM.attributes
                0x00000000000006d8       0x34 c:/st/stm32cubeide_1.0.2/stm32cubeide/plugins/com.st.stm32cube.ide.mcu.externaltools.gnu-tools-for-stm32.7-2018-q2-update.win32_1.0.0.201904181610/tools/bin/../lib/gcc/arm-none-eabi/7.3.1/../../../../arm-none-eabi/lib/thumb/v7e-m/fpv4-sp/hard\libc_nano.a(lib_a-sprintf.o)
 .ARM.attributes
                0x000000000000070c       0x34 c:/st/stm32cubeide_1.0.2/stm32cubeide/plugins/com.st.stm32cube.ide.mcu.externaltools.gnu-tools-for-stm32.7-2018-q2-update.win32_1.0.0.201904181610/tools/bin/../lib/gcc/arm-none-eabi/7.3.1/../../../../arm-none-eabi/lib/thumb/v7e-m/fpv4-sp/hard\libc_nano.a(lib_a-strcat.o)
 .ARM.attributes
                0x0000000000000740       0x34 c:/st/stm32cubeide_1.0.2/stm32cubeide/plugins/com.st.stm32cube.ide.mcu.externaltools.gnu-tools-for-stm32.7-2018-q2-update.win32_1.0.0.201904181610/tools/bin/../lib/gcc/arm-none-eabi/7.3.1/../../../../arm-none-eabi/lib/thumb/v7e-m/fpv4-sp/hard\libc_nano.a(lib_a-nano-svfprintf.o)
 .ARM.attributes
                0x0000000000000774       0x34 c:/st/stm32cubeide_1.0.2/stm32cubeide/plugins/com.st.stm32cube.ide.mcu.externaltools.gnu-tools-for-stm32.7-2018-q2-update.win32_1.0.0.201904181610/tools/bin/../lib/gcc/arm-none-eabi/7.3.1/../../../../arm-none-eabi/lib/thumb/v7e-m/fpv4-sp/hard\libc_nano.a(lib_a-nano-vfprintf_i.o)
 .ARM.attributes
                0x00000000000007a8       0x20 c:/st/stm32cubeide_1.0.2/stm32cubeide/plugins/com.st.stm32cube.ide.mcu.externaltools.gnu-tools-for-stm32.7-2018-q2-update.win32_1.0.0.201904181610/tools/bin/../lib/gcc/arm-none-eabi/7.3.1/../../../../arm-none-eabi/lib/thumb/v7e-m/fpv4-sp/hard\libc_nano.a(lib_a-memchr.o)
 .ARM.attributes
                0x00000000000007c8       0x34 c:/st/stm32cubeide_1.0.2/stm32cubeide/plugins/com.st.stm32cube.ide.mcu.externaltools.gnu-tools-for-stm32.7-2018-q2-update.win32_1.0.0.201904181610/tools/bin/../lib/gcc/arm-none-eabi/7.3.1/../../../../arm-none-eabi/lib/thumb/v7e-m/fpv4-sp/hard\libc_nano.a(lib_a-memcpy-stub.o)
 .ARM.attributes
                0x00000000000007fc       0x34 c:/st/stm32cubeide_1.0.2/stm32cubeide/plugins/com.st.stm32cube.ide.mcu.externaltools.gnu-tools-for-stm32.7-2018-q2-update.win32_1.0.0.201904181610/tools/bin/../lib/gcc/arm-none-eabi/7.3.1/../../../../arm-none-eabi/lib/thumb/v7e-m/fpv4-sp/hard\libc_nano.a(lib_a-memmove.o)
 .ARM.attributes
                0x0000000000000830       0x34 c:/st/stm32cubeide_1.0.2/stm32cubeide/plugins/com.st.stm32cube.ide.mcu.externaltools.gnu-tools-for-stm32.7-2018-q2-update.win32_1.0.0.201904181610/tools/bin/../lib/gcc/arm-none-eabi/7.3.1/../../../../arm-none-eabi/lib/thumb/v7e-m/fpv4-sp/hard\libc_nano.a(lib_a-nano-freer.o)
 .ARM.attributes
                0x0000000000000864       0x34 c:/st/stm32cubeide_1.0.2/stm32cubeide/plugins/com.st.stm32cube.ide.mcu.externaltools.gnu-tools-for-stm32.7-2018-q2-update.win32_1.0.0.201904181610/tools/bin/../lib/gcc/arm-none-eabi/7.3.1/../../../../arm-none-eabi/lib/thumb/v7e-m/fpv4-sp/hard\libc_nano.a(lib_a-nano-mallocr.o)
 .ARM.attributes
                0x0000000000000898       0x34 c:/st/stm32cubeide_1.0.2/stm32cubeide/plugins/com.st.stm32cube.ide.mcu.externaltools.gnu-tools-for-stm32.7-2018-q2-update.win32_1.0.0.201904181610/tools/bin/../lib/gcc/arm-none-eabi/7.3.1/../../../../arm-none-eabi/lib/thumb/v7e-m/fpv4-sp/hard\libc_nano.a(lib_a-nano-reallocr.o)
 .ARM.attributes
                0x00000000000008cc       0x34 c:/st/stm32cubeide_1.0.2/stm32cubeide/plugins/com.st.stm32cube.ide.mcu.externaltools.gnu-tools-for-stm32.7-2018-q2-update.win32_1.0.0.201904181610/tools/bin/../lib/gcc/arm-none-eabi/7.3.1/../../../../arm-none-eabi/lib/thumb/v7e-m/fpv4-sp/hard\libc_nano.a(lib_a-sbrkr.o)
 .ARM.attributes
                0x0000000000000900       0x34 c:/st/stm32cubeide_1.0.2/stm32cubeide/plugins/com.st.stm32cube.ide.mcu.externaltools.gnu-tools-for-stm32.7-2018-q2-update.win32_1.0.0.201904181610/tools/bin/../lib/gcc/arm-none-eabi/7.3.1/../../../../arm-none-eabi/lib/thumb/v7e-m/fpv4-sp/hard\libc_nano.a(lib_a-mlock.o)
 .ARM.attributes
                0x0000000000000934       0x34 c:/st/stm32cubeide_1.0.2/stm32cubeide/plugins/com.st.stm32cube.ide.mcu.externaltools.gnu-tools-for-stm32.7-2018-q2-update.win32_1.0.0.201904181610/tools/bin/../lib/gcc/arm-none-eabi/7.3.1/../../../../arm-none-eabi/lib/thumb/v7e-m/fpv4-sp/hard\libc_nano.a(lib_a-nano-msizer.o)
 .ARM.attributes
                0x0000000000000968       0x34 c:/st/stm32cubeide_1.0.2/stm32cubeide/plugins/com.st.stm32cube.ide.mcu.externaltools.gnu-tools-for-stm32.7-2018-q2-update.win32_1.0.0.201904181610/tools/bin/../lib/gcc/arm-none-eabi/7.3.1/../../../../arm-none-eabi/lib/thumb/v7e-m/fpv4-sp/hard\libc_nano.a(lib_a-reent.o)
 .ARM.attributes
                0x000000000000099c       0x22 c:/st/stm32cubeide_1.0.2/stm32cubeide/plugins/com.st.stm32cube.ide.mcu.externaltools.gnu-tools-for-stm32.7-2018-q2-update.win32_1.0.0.201904181610/tools/bin/../lib/gcc/arm-none-eabi/7.3.1/thumb/v7e-m/fpv4-sp/hard\libgcc.a(_aeabi_uldivmod.o)
 .ARM.attributes
                0x00000000000009be       0x34 c:/st/stm32cubeide_1.0.2/stm32cubeide/plugins/com.st.stm32cube.ide.mcu.externaltools.gnu-tools-for-stm32.7-2018-q2-update.win32_1.0.0.201904181610/tools/bin/../lib/gcc/arm-none-eabi/7.3.1/thumb/v7e-m/fpv4-sp/hard\libgcc.a(_udivmoddi4.o)
 .ARM.attributes
                0x00000000000009f2       0x22 c:/st/stm32cubeide_1.0.2/stm32cubeide/plugins/com.st.stm32cube.ide.mcu.externaltools.gnu-tools-for-stm32.7-2018-q2-update.win32_1.0.0.201904181610/tools/bin/../lib/gcc/arm-none-eabi/7.3.1/thumb/v7e-m/fpv4-sp/hard\libgcc.a(_dvmd_tls.o)
 .ARM.attributes
                0x0000000000000a14       0x22 c:/st/stm32cubeide_1.0.2/stm32cubeide/plugins/com.st.stm32cube.ide.mcu.externaltools.gnu-tools-for-stm32.7-2018-q2-update.win32_1.0.0.201904181610/tools/bin/../lib/gcc/arm-none-eabi/7.3.1/thumb/v7e-m/fpv4-sp/hard/crtn.o
OUTPUT(JAKUB_KURCZYNSKI_PROJEKT_CS_GO.elf elf32-littlearm)

.debug_info     0x0000000000000000    0x164b1
 .debug_info    0x0000000000000000      0x344 Drivers/BSP/Components/ili9341/ili9341.o
 .debug_info    0x0000000000000344     0x17f9 Drivers/BSP/STM32F429I-Discovery/stm32f429i_discovery.o
 .debug_info    0x0000000000001b3d     0x214a Drivers/BSP/STM32F429I-Discovery/stm32f429i_discovery_lcd.o
 .debug_info    0x0000000000003c87      0xe69 Drivers/BSP/STM32F429I-Discovery/stm32f429i_discovery_sdram.o
 .debug_info    0x0000000000004af0      0x995 Drivers/STM32F4xx_HAL_Driver/Src/stm32f4xx_hal.o
 .debug_info    0x0000000000005485      0xe0c Drivers/STM32F4xx_HAL_Driver/Src/stm32f4xx_hal_cortex.o
 .debug_info    0x0000000000006291      0x3ef Drivers/STM32F4xx_HAL_Driver/Src/stm32f4xx_hal_crc.o
 .debug_info    0x0000000000006680      0x916 Drivers/STM32F4xx_HAL_Driver/Src/stm32f4xx_hal_dma.o
 .debug_info    0x0000000000006f96      0xe8a Drivers/STM32F4xx_HAL_Driver/Src/stm32f4xx_hal_dma2d.o
 .debug_info    0x0000000000007e20      0x77d Drivers/STM32F4xx_HAL_Driver/Src/stm32f4xx_hal_gpio.o
 .debug_info    0x000000000000859d     0x232c Drivers/STM32F4xx_HAL_Driver/Src/stm32f4xx_hal_i2c.o
 .debug_info    0x000000000000a8c9      0x6cb Drivers/STM32F4xx_HAL_Driver/Src/stm32f4xx_hal_i2c_ex.o
 .debug_info    0x000000000000af94     0x10b2 Drivers/STM32F4xx_HAL_Driver/Src/stm32f4xx_hal_ltdc.o
 .debug_info    0x000000000000c046      0x6f5 Drivers/STM32F4xx_HAL_Driver/Src/stm32f4xx_hal_pwr_ex.o
 .debug_info    0x000000000000c73b      0x8be Drivers/STM32F4xx_HAL_Driver/Src/stm32f4xx_hal_rcc.o
 .debug_info    0x000000000000cff9      0x66a Drivers/STM32F4xx_HAL_Driver/Src/stm32f4xx_hal_rcc_ex.o
 .debug_info    0x000000000000d663      0x500 Drivers/STM32F4xx_HAL_Driver/Src/stm32f4xx_hal_rng.o
 .debug_info    0x000000000000db63      0xc48 Drivers/STM32F4xx_HAL_Driver/Src/stm32f4xx_hal_sdram.o
 .debug_info    0x000000000000e7ab     0x15e8 Drivers/STM32F4xx_HAL_Driver/Src/stm32f4xx_hal_spi.o
 .debug_info    0x000000000000fd93      0xeb9 Drivers/STM32F4xx_HAL_Driver/Src/stm32f4xx_ll_fmc.o
 .debug_info    0x0000000000010c4c     0x2942 Src/main.o
 .debug_info    0x000000000001358e     0x1917 Src/stm32f4xx_hal_msp.o
 .debug_info    0x0000000000014ea5      0x7b2 Src/stm32f4xx_it.o
 .debug_info    0x0000000000015657      0x91c Src/sysmem.o
 .debug_info    0x0000000000015f73      0x51c Src/system_stm32f4xx.o
 .debug_info    0x000000000001648f       0x22 Startup/startup_stm32f429zitx.o

.debug_abbrev   0x0000000000000000     0x30fb
 .debug_abbrev  0x0000000000000000      0x151 Drivers/BSP/Components/ili9341/ili9341.o
 .debug_abbrev  0x0000000000000151      0x27a Drivers/BSP/STM32F429I-Discovery/stm32f429i_discovery.o
 .debug_abbrev  0x00000000000003cb      0x2c2 Drivers/BSP/STM32F429I-Discovery/stm32f429i_discovery_lcd.o
 .debug_abbrev  0x000000000000068d      0x21f Drivers/BSP/STM32F429I-Discovery/stm32f429i_discovery_sdram.o
 .debug_abbrev  0x00000000000008ac      0x1cb Drivers/STM32F4xx_HAL_Driver/Src/stm32f4xx_hal.o
 .debug_abbrev  0x0000000000000a77      0x2fa Drivers/STM32F4xx_HAL_Driver/Src/stm32f4xx_hal_cortex.o
 .debug_abbrev  0x0000000000000d71      0x1b7 Drivers/STM32F4xx_HAL_Driver/Src/stm32f4xx_hal_crc.o
 .debug_abbrev  0x0000000000000f28      0x229 Drivers/STM32F4xx_HAL_Driver/Src/stm32f4xx_hal_dma.o
 .debug_abbrev  0x0000000000001151      0x211 Drivers/STM32F4xx_HAL_Driver/Src/stm32f4xx_hal_dma2d.o
 .debug_abbrev  0x0000000000001362      0x1c9 Drivers/STM32F4xx_HAL_Driver/Src/stm32f4xx_hal_gpio.o
 .debug_abbrev  0x000000000000152b      0x254 Drivers/STM32F4xx_HAL_Driver/Src/stm32f4xx_hal_i2c.o
 .debug_abbrev  0x000000000000177f      0x16d Drivers/STM32F4xx_HAL_Driver/Src/stm32f4xx_hal_i2c_ex.o
 .debug_abbrev  0x00000000000018ec      0x209 Drivers/STM32F4xx_HAL_Driver/Src/stm32f4xx_hal_ltdc.o
 .debug_abbrev  0x0000000000001af5      0x1b8 Drivers/STM32F4xx_HAL_Driver/Src/stm32f4xx_hal_pwr_ex.o
 .debug_abbrev  0x0000000000001cad      0x245 Drivers/STM32F4xx_HAL_Driver/Src/stm32f4xx_hal_rcc.o
 .debug_abbrev  0x0000000000001ef2      0x173 Drivers/STM32F4xx_HAL_Driver/Src/stm32f4xx_hal_rcc_ex.o
 .debug_abbrev  0x0000000000002065      0x1bc Drivers/STM32F4xx_HAL_Driver/Src/stm32f4xx_hal_rng.o
 .debug_abbrev  0x0000000000002221      0x1f7 Drivers/STM32F4xx_HAL_Driver/Src/stm32f4xx_hal_sdram.o
 .debug_abbrev  0x0000000000002418      0x240 Drivers/STM32F4xx_HAL_Driver/Src/stm32f4xx_hal_spi.o
 .debug_abbrev  0x0000000000002658      0x18c Drivers/STM32F4xx_HAL_Driver/Src/stm32f4xx_ll_fmc.o
 .debug_abbrev  0x00000000000027e4      0x2a9 Src/main.o
 .debug_abbrev  0x0000000000002a8d      0x242 Src/stm32f4xx_hal_msp.o
 .debug_abbrev  0x0000000000002ccf      0x14e Src/stm32f4xx_it.o
 .debug_abbrev  0x0000000000002e1d      0x1bb Src/sysmem.o
 .debug_abbrev  0x0000000000002fd8      0x111 Src/system_stm32f4xx.o
 .debug_abbrev  0x00000000000030e9       0x12 Startup/startup_stm32f429zitx.o

.debug_aranges  0x0000000000000000     0x1360
 .debug_aranges
                0x0000000000000000       0x60 Drivers/BSP/Components/ili9341/ili9341.o
 .debug_aranges
                0x0000000000000060      0x138 Drivers/BSP/STM32F429I-Discovery/stm32f429i_discovery.o
 .debug_aranges
                0x0000000000000198      0x1a8 Drivers/BSP/STM32F429I-Discovery/stm32f429i_discovery_lcd.o
 .debug_aranges
                0x0000000000000340       0x68 Drivers/BSP/STM32F429I-Discovery/stm32f429i_discovery_sdram.o
 .debug_aranges
                0x00000000000003a8      0x100 Drivers/STM32F4xx_HAL_Driver/Src/stm32f4xx_hal.o
 .debug_aranges
                0x00000000000004a8      0x118 Drivers/STM32F4xx_HAL_Driver/Src/stm32f4xx_hal_cortex.o
 .debug_aranges
                0x00000000000005c0       0x50 Drivers/STM32F4xx_HAL_Driver/Src/stm32f4xx_hal_crc.o
 .debug_aranges
                0x0000000000000610       0x90 Drivers/STM32F4xx_HAL_Driver/Src/stm32f4xx_hal_dma.o
 .debug_aranges
                0x00000000000006a0      0x108 Drivers/STM32F4xx_HAL_Driver/Src/stm32f4xx_hal_dma2d.o
 .debug_aranges
                0x00000000000007a8       0x58 Drivers/STM32F4xx_HAL_Driver/Src/stm32f4xx_hal_gpio.o
 .debug_aranges
                0x0000000000000800      0x290 Drivers/STM32F4xx_HAL_Driver/Src/stm32f4xx_hal_i2c.o
 .debug_aranges
                0x0000000000000a90       0x28 Drivers/STM32F4xx_HAL_Driver/Src/stm32f4xx_hal_i2c_ex.o
 .debug_aranges
                0x0000000000000ab8      0x158 Drivers/STM32F4xx_HAL_Driver/Src/stm32f4xx_hal_ltdc.o
 .debug_aranges
                0x0000000000000c10       0x60 Drivers/STM32F4xx_HAL_Driver/Src/stm32f4xx_hal_pwr_ex.o
 .debug_aranges
                0x0000000000000c70       0x88 Drivers/STM32F4xx_HAL_Driver/Src/stm32f4xx_hal_rcc.o
 .debug_aranges
                0x0000000000000cf8       0x58 Drivers/STM32F4xx_HAL_Driver/Src/stm32f4xx_hal_rcc_ex.o
 .debug_aranges
                0x0000000000000d50       0x88 Drivers/STM32F4xx_HAL_Driver/Src/stm32f4xx_hal_rng.o
 .debug_aranges
                0x0000000000000dd8       0xd0 Drivers/STM32F4xx_HAL_Driver/Src/stm32f4xx_hal_sdram.o
 .debug_aranges
                0x0000000000000ea8      0x1d0 Drivers/STM32F4xx_HAL_Driver/Src/stm32f4xx_hal_spi.o
 .debug_aranges
                0x0000000000001078       0xf0 Drivers/STM32F4xx_HAL_Driver/Src/stm32f4xx_ll_fmc.o
 .debug_aranges
                0x0000000000001168       0x70 Src/main.o
 .debug_aranges
                0x00000000000011d8       0xa0 Src/stm32f4xx_hal_msp.o
 .debug_aranges
                0x0000000000001278       0x78 Src/stm32f4xx_it.o
 .debug_aranges
                0x00000000000012f0       0x20 Src/sysmem.o
 .debug_aranges
                0x0000000000001310       0x28 Src/system_stm32f4xx.o
 .debug_aranges
                0x0000000000001338       0x28 Startup/startup_stm32f429zitx.o

.debug_ranges   0x0000000000000000     0x11e8
 .debug_ranges  0x0000000000000000       0x50 Drivers/BSP/Components/ili9341/ili9341.o
 .debug_ranges  0x0000000000000050      0x128 Drivers/BSP/STM32F429I-Discovery/stm32f429i_discovery.o
 .debug_ranges  0x0000000000000178      0x198 Drivers/BSP/STM32F429I-Discovery/stm32f429i_discovery_lcd.o
 .debug_ranges  0x0000000000000310       0x58 Drivers/BSP/STM32F429I-Discovery/stm32f429i_discovery_sdram.o
 .debug_ranges  0x0000000000000368       0xf0 Drivers/STM32F4xx_HAL_Driver/Src/stm32f4xx_hal.o
 .debug_ranges  0x0000000000000458      0x108 Drivers/STM32F4xx_HAL_Driver/Src/stm32f4xx_hal_cortex.o
 .debug_ranges  0x0000000000000560       0x40 Drivers/STM32F4xx_HAL_Driver/Src/stm32f4xx_hal_crc.o
 .debug_ranges  0x00000000000005a0       0x80 Drivers/STM32F4xx_HAL_Driver/Src/stm32f4xx_hal_dma.o
 .debug_ranges  0x0000000000000620       0xf8 Drivers/STM32F4xx_HAL_Driver/Src/stm32f4xx_hal_dma2d.o
 .debug_ranges  0x0000000000000718       0x48 Drivers/STM32F4xx_HAL_Driver/Src/stm32f4xx_hal_gpio.o
 .debug_ranges  0x0000000000000760      0x2a0 Drivers/STM32F4xx_HAL_Driver/Src/stm32f4xx_hal_i2c.o
 .debug_ranges  0x0000000000000a00       0x18 Drivers/STM32F4xx_HAL_Driver/Src/stm32f4xx_hal_i2c_ex.o
 .debug_ranges  0x0000000000000a18      0x148 Drivers/STM32F4xx_HAL_Driver/Src/stm32f4xx_hal_ltdc.o
 .debug_ranges  0x0000000000000b60       0x50 Drivers/STM32F4xx_HAL_Driver/Src/stm32f4xx_hal_pwr_ex.o
 .debug_ranges  0x0000000000000bb0       0x78 Drivers/STM32F4xx_HAL_Driver/Src/stm32f4xx_hal_rcc.o
 .debug_ranges  0x0000000000000c28       0x48 Drivers/STM32F4xx_HAL_Driver/Src/stm32f4xx_hal_rcc_ex.o
 .debug_ranges  0x0000000000000c70       0x78 Drivers/STM32F4xx_HAL_Driver/Src/stm32f4xx_hal_rng.o
 .debug_ranges  0x0000000000000ce8       0xc0 Drivers/STM32F4xx_HAL_Driver/Src/stm32f4xx_hal_sdram.o
 .debug_ranges  0x0000000000000da8      0x1c0 Drivers/STM32F4xx_HAL_Driver/Src/stm32f4xx_hal_spi.o
 .debug_ranges  0x0000000000000f68       0xe0 Drivers/STM32F4xx_HAL_Driver/Src/stm32f4xx_ll_fmc.o
 .debug_ranges  0x0000000000001048       0x60 Src/main.o
 .debug_ranges  0x00000000000010a8       0x90 Src/stm32f4xx_hal_msp.o
 .debug_ranges  0x0000000000001138       0x68 Src/stm32f4xx_it.o
 .debug_ranges  0x00000000000011a0       0x10 Src/sysmem.o
 .debug_ranges  0x00000000000011b0       0x18 Src/system_stm32f4xx.o
 .debug_ranges  0x00000000000011c8       0x20 Startup/startup_stm32f429zitx.o

.debug_macro    0x0000000000000000    0x24bc9
 .debug_macro   0x0000000000000000       0x7c Drivers/BSP/Components/ili9341/ili9341.o
 .debug_macro   0x000000000000007c      0x26d Drivers/BSP/Components/ili9341/ili9341.o
 .debug_macro   0x00000000000002e9      0x253 Drivers/BSP/STM32F429I-Discovery/stm32f429i_discovery.o
 .debug_macro   0x000000000000053c      0x1a8 Drivers/BSP/STM32F429I-Discovery/stm32f429i_discovery.o
 .debug_macro   0x00000000000006e4       0x32 Drivers/BSP/STM32F429I-Discovery/stm32f429i_discovery.o
 .debug_macro   0x0000000000000716       0x28 Drivers/BSP/STM32F429I-Discovery/stm32f429i_discovery.o
 .debug_macro   0x000000000000073e       0x1c Drivers/BSP/STM32F429I-Discovery/stm32f429i_discovery.o
 .debug_macro   0x000000000000075a       0x22 Drivers/BSP/STM32F429I-Discovery/stm32f429i_discovery.o
 .debug_macro   0x000000000000077c       0xdf Drivers/BSP/STM32F429I-Discovery/stm32f429i_discovery.o
 .debug_macro   0x000000000000085b     0x102d Drivers/BSP/STM32F429I-Discovery/stm32f429i_discovery.o
 .debug_macro   0x0000000000001888      0x11f Drivers/BSP/STM32F429I-Discovery/stm32f429i_discovery.o
 .debug_macro   0x00000000000019a7    0x17f81 Drivers/BSP/STM32F429I-Discovery/stm32f429i_discovery.o
 .debug_macro   0x0000000000019928       0x43 Drivers/BSP/STM32F429I-Discovery/stm32f429i_discovery.o
 .debug_macro   0x000000000001996b     0x3644 Drivers/BSP/STM32F429I-Discovery/stm32f429i_discovery.o
 .debug_macro   0x000000000001cfaf      0x174 Drivers/BSP/STM32F429I-Discovery/stm32f429i_discovery.o
 .debug_macro   0x000000000001d123       0x5a Drivers/BSP/STM32F429I-Discovery/stm32f429i_discovery.o
 .debug_macro   0x000000000001d17d      0xca5 Drivers/BSP/STM32F429I-Discovery/stm32f429i_discovery.o
 .debug_macro   0x000000000001de22      0x9fe Drivers/BSP/STM32F429I-Discovery/stm32f429i_discovery.o
 .debug_macro   0x000000000001e820       0xed Drivers/BSP/STM32F429I-Discovery/stm32f429i_discovery.o
 .debug_macro   0x000000000001e90d      0x117 Drivers/BSP/STM32F429I-Discovery/stm32f429i_discovery.o
 .debug_macro   0x000000000001ea24      0x157 Drivers/BSP/STM32F429I-Discovery/stm32f429i_discovery.o
 .debug_macro   0x000000000001eb7b       0x27 Drivers/BSP/STM32F429I-Discovery/stm32f429i_discovery.o
 .debug_macro   0x000000000001eba2      0x287 Drivers/BSP/STM32F429I-Discovery/stm32f429i_discovery.o
 .debug_macro   0x000000000001ee29       0x5f Drivers/BSP/STM32F429I-Discovery/stm32f429i_discovery.o
 .debug_macro   0x000000000001ee88      0x236 Drivers/BSP/STM32F429I-Discovery/stm32f429i_discovery.o
 .debug_macro   0x000000000001f0be       0x22 Drivers/BSP/STM32F429I-Discovery/stm32f429i_discovery.o
 .debug_macro   0x000000000001f0e0      0x20f Drivers/BSP/STM32F429I-Discovery/stm32f429i_discovery.o
 .debug_macro   0x000000000001f2ef      0x132 Drivers/BSP/STM32F429I-Discovery/stm32f429i_discovery.o
 .debug_macro   0x000000000001f421      0x41d Drivers/BSP/STM32F429I-Discovery/stm32f429i_discovery.o
 .debug_macro   0x000000000001f83e       0x2e Drivers/BSP/STM32F429I-Discovery/stm32f429i_discovery.o
 .debug_macro   0x000000000001f86c      0x582 Drivers/BSP/STM32F429I-Discovery/stm32f429i_discovery.o
 .debug_macro   0x000000000001fdee      0x1ae Drivers/BSP/STM32F429I-Discovery/stm32f429i_discovery.o
 .debug_macro   0x000000000001ff9c       0x22 Drivers/BSP/STM32F429I-Discovery/stm32f429i_discovery.o
 .debug_macro   0x000000000001ffbe       0xd6 Drivers/BSP/STM32F429I-Discovery/stm32f429i_discovery.o
 .debug_macro   0x0000000000020094      0x198 Drivers/BSP/STM32F429I-Discovery/stm32f429i_discovery.o
 .debug_macro   0x000000000002022c       0xd6 Drivers/BSP/STM32F429I-Discovery/stm32f429i_discovery.o
 .debug_macro   0x0000000000020302      0x11a Drivers/BSP/STM32F429I-Discovery/stm32f429i_discovery.o
 .debug_macro   0x000000000002041c       0xe2 Drivers/BSP/STM32F429I-Discovery/stm32f429i_discovery.o
 .debug_macro   0x00000000000204fe       0x89 Drivers/BSP/STM32F429I-Discovery/stm32f429i_discovery.o
 .debug_macro   0x0000000000020587       0xa4 Drivers/BSP/STM32F429I-Discovery/stm32f429i_discovery.o
 .debug_macro   0x000000000002062b      0x225 Drivers/BSP/STM32F429I-Discovery/stm32f429i_discovery.o
 .debug_macro   0x0000000000020850      0x134 Drivers/BSP/STM32F429I-Discovery/stm32f429i_discovery.o
 .debug_macro   0x0000000000020984      0x25f Drivers/BSP/STM32F429I-Discovery/stm32f429i_discovery.o
 .debug_macro   0x0000000000020be3      0x299 Drivers/BSP/STM32F429I-Discovery/stm32f429i_discovery_lcd.o
 .debug_macro   0x0000000000020e7c       0xb0 Drivers/BSP/STM32F429I-Discovery/stm32f429i_discovery_lcd.o
 .debug_macro   0x0000000000020f2c       0x10 Drivers/BSP/STM32F429I-Discovery/stm32f429i_discovery_lcd.o
 .debug_macro   0x0000000000020f3c      0x121 Drivers/BSP/STM32F429I-Discovery/stm32f429i_discovery_lcd.o
 .debug_macro   0x000000000002105d      0x244 Drivers/BSP/STM32F429I-Discovery/stm32f429i_discovery_sdram.o
 .debug_macro   0x00000000000212a1       0xaa Drivers/BSP/STM32F429I-Discovery/stm32f429i_discovery_sdram.o
 .debug_macro   0x000000000002134b      0x286 Drivers/STM32F4xx_HAL_Driver/Src/stm32f4xx_hal.o
 .debug_macro   0x00000000000215d1      0x226 Drivers/STM32F4xx_HAL_Driver/Src/stm32f4xx_hal_cortex.o
 .debug_macro   0x00000000000217f7      0x226 Drivers/STM32F4xx_HAL_Driver/Src/stm32f4xx_hal_crc.o
 .debug_macro   0x0000000000021a1d      0x22c Drivers/STM32F4xx_HAL_Driver/Src/stm32f4xx_hal_dma.o
 .debug_macro   0x0000000000021c49      0x235 Drivers/STM32F4xx_HAL_Driver/Src/stm32f4xx_hal_dma2d.o
 .debug_macro   0x0000000000021e7e      0x25c Drivers/STM32F4xx_HAL_Driver/Src/stm32f4xx_hal_gpio.o
 .debug_macro   0x00000000000220da      0x266 Drivers/STM32F4xx_HAL_Driver/Src/stm32f4xx_hal_i2c.o
 .debug_macro   0x0000000000022340      0x226 Drivers/STM32F4xx_HAL_Driver/Src/stm32f4xx_hal_i2c_ex.o
 .debug_macro   0x0000000000022566      0x227 Drivers/STM32F4xx_HAL_Driver/Src/stm32f4xx_hal_ltdc.o
 .debug_macro   0x000000000002278d      0x23e Drivers/STM32F4xx_HAL_Driver/Src/stm32f4xx_hal_pwr_ex.o
 .debug_macro   0x00000000000229cb      0x24a Drivers/STM32F4xx_HAL_Driver/Src/stm32f4xx_hal_rcc.o
 .debug_macro   0x0000000000022c15      0x226 Drivers/STM32F4xx_HAL_Driver/Src/stm32f4xx_hal_rcc_ex.o
 .debug_macro   0x0000000000022e3b      0x22c Drivers/STM32F4xx_HAL_Driver/Src/stm32f4xx_hal_rng.o
 .debug_macro   0x0000000000023067      0x226 Drivers/STM32F4xx_HAL_Driver/Src/stm32f4xx_hal_sdram.o
 .debug_macro   0x000000000002328d      0x235 Drivers/STM32F4xx_HAL_Driver/Src/stm32f4xx_hal_spi.o
 .debug_macro   0x00000000000234c2      0x226 Drivers/STM32F4xx_HAL_Driver/Src/stm32f4xx_ll_fmc.o
 .debug_macro   0x00000000000236e8      0x37b Src/main.o
 .debug_macro   0x0000000000023a63      0x265 Src/main.o
 .debug_macro   0x0000000000023cc8       0x46 Src/main.o
 .debug_macro   0x0000000000023d0e      0x32a Src/main.o
 .debug_macro   0x0000000000024038       0x10 Src/main.o
 .debug_macro   0x0000000000024048       0x35 Src/main.o
 .debug_macro   0x000000000002407d       0x20 Src/main.o
 .debug_macro   0x000000000002409d       0x16 Src/main.o
 .debug_macro   0x00000000000240b3       0x16 Src/main.o
 .debug_macro   0x00000000000240c9       0x29 Src/main.o
 .debug_macro   0x00000000000240f2       0x58 Src/main.o
 .debug_macro   0x000000000002414a      0x230 Src/stm32f4xx_hal_msp.o
 .debug_macro   0x000000000002437a      0x23a Src/stm32f4xx_it.o
 .debug_macro   0x00000000000245b4      0x1ae Src/sysmem.o
 .debug_macro   0x0000000000024762      0x23b Src/sysmem.o
 .debug_macro   0x000000000002499d      0x22c Src/system_stm32f4xx.o

.debug_line     0x0000000000000000    0x10cf8
 .debug_line    0x0000000000000000      0x4dc Drivers/BSP/Components/ili9341/ili9341.o
 .debug_line    0x00000000000004dc      0xad0 Drivers/BSP/STM32F429I-Discovery/stm32f429i_discovery.o
 .debug_line    0x0000000000000fac      0xed7 Drivers/BSP/STM32F429I-Discovery/stm32f429i_discovery_lcd.o
 .debug_line    0x0000000000001e83      0x8c0 Drivers/BSP/STM32F429I-Discovery/stm32f429i_discovery_sdram.o
 .debug_line    0x0000000000002743      0x98a Drivers/STM32F4xx_HAL_Driver/Src/stm32f4xx_hal.o
 .debug_line    0x00000000000030cd      0xa8d Drivers/STM32F4xx_HAL_Driver/Src/stm32f4xx_hal_cortex.o
 .debug_line    0x0000000000003b5a      0x819 Drivers/STM32F4xx_HAL_Driver/Src/stm32f4xx_hal_crc.o
 .debug_line    0x0000000000004373      0xa38 Drivers/STM32F4xx_HAL_Driver/Src/stm32f4xx_hal_dma.o
 .debug_line    0x0000000000004dab      0xcc6 Drivers/STM32F4xx_HAL_Driver/Src/stm32f4xx_hal_dma2d.o
 .debug_line    0x0000000000005a71      0x970 Drivers/STM32F4xx_HAL_Driver/Src/stm32f4xx_hal_gpio.o
 .debug_line    0x00000000000063e1     0x1b49 Drivers/STM32F4xx_HAL_Driver/Src/stm32f4xx_hal_i2c.o
 .debug_line    0x0000000000007f2a      0x799 Drivers/STM32F4xx_HAL_Driver/Src/stm32f4xx_hal_i2c_ex.o
 .debug_line    0x00000000000086c3     0x103b Drivers/STM32F4xx_HAL_Driver/Src/stm32f4xx_hal_ltdc.o
 .debug_line    0x00000000000096fe      0x85b Drivers/STM32F4xx_HAL_Driver/Src/stm32f4xx_hal_pwr_ex.o
 .debug_line    0x0000000000009f59      0x9ad Drivers/STM32F4xx_HAL_Driver/Src/stm32f4xx_hal_rcc.o
 .debug_line    0x000000000000a906      0x905 Drivers/STM32F4xx_HAL_Driver/Src/stm32f4xx_hal_rcc_ex.o
 .debug_line    0x000000000000b20b      0x8de Drivers/STM32F4xx_HAL_Driver/Src/stm32f4xx_hal_rng.o